 profilerinterface

 Timestamp is 6522bdbb (Sun Oct  8 14:33:31 2023)

 Preferred load address is 0000000180000000

 Start         Length     Name                   Class
 0001:00000000 000053e0H .text$mn                CODE
 0001:000053e0 00000036H .text$mn$00             CODE
 0001:00005416 00000092H .text$x                 CODE
 0002:00000000 00000178H .idata$5                DATA
 0002:00000178 00000038H .00cfg                  DATA
 0002:000001b0 00000008H .CRT$XCA                DATA
 0002:000001b8 00000008H .CRT$XCZ                DATA
 0002:000001c0 00000008H .CRT$XIA                DATA
 0002:000001c8 00000008H .CRT$XIZ                DATA
 0002:000001d0 00000008H .CRT$XPA                DATA
 0002:000001d8 00000008H .CRT$XPZ                DATA
 0002:000001e0 00000008H .CRT$XTA                DATA
 0002:000001e8 00000008H .CRT$XTZ                DATA
 0002:000001f0 00000000H .gehcont$y              DATA
 0002:000001f0 00000000H .gfids$y                DATA
 0002:000001f0 00001190H .rdata                  DATA
 0002:00001380 00000000H .rdata$CastGuardVftablesA DATA
 0002:00001380 00000000H .rdata$CastGuardVftablesC DATA
 0002:00001380 00000064H .rdata$voltmd           DATA
 0002:000013e4 0000025cH .rdata$zzzdbg           DATA
 0002:00001640 00000008H .rtc$IAA                DATA
 0002:00001648 00000008H .rtc$IZZ                DATA
 0002:00001650 00000008H .rtc$TAA                DATA
 0002:00001658 00000008H .rtc$TZZ                DATA
 0002:00001660 00000670H .xdata                  DATA
 0002:00001cd0 00000e28H .edata                  DATA
 0002:00002af8 0000008cH .idata$2                DATA
 0002:00002b84 00000014H .idata$3                DATA
 0002:00002b98 00000178H .idata$4                DATA
 0002:00002d10 000003c6H .idata$6                DATA
 0003:00000000 00000080H .data                   DATA
 0003:00000080 000008d0H .bss                    DATA
 0004:00000000 00000654H .pdata                  DATA
 0005:00000000 00000060H .rsrc$01                DATA
 0005:00000060 00000388H .rsrc$02                DATA

  Address         Publics by Value              Rva+Base               Lib:Object

 0000:00000000       __AbsoluteZero             0000000000000000     <absolute>
 0000:00000000       ___safe_se_handler_count   0000000000000000     <absolute>
 0000:00000000       ___safe_se_handler_table   0000000000000000     <absolute>
 0000:00000000       __arm64x_extra_rfe_table   0000000000000000     <absolute>
 0000:00000000       __arm64x_extra_rfe_table_size 0000000000000000     <absolute>
 0000:00000000       __arm64x_native_entrypoint 0000000000000000     <absolute>
 0000:00000000       __arm64x_redirection_metadata 0000000000000000     <absolute>
 0000:00000000       __arm64x_redirection_metadata_count 0000000000000000     <absolute>
 0000:00000000       __dynamic_value_reloc_table 0000000000000000     <absolute>
 0000:00000000       __enclave_config           0000000000000000     <absolute>
 0000:00000000       __guard_check_icall_a64n_fptr 0000000000000000     <absolute>
 0000:00000000       __guard_eh_cont_count      0000000000000000     <absolute>
 0000:00000000       __guard_eh_cont_table      0000000000000000     <absolute>
 0000:00000000       __guard_fids_count         0000000000000000     <absolute>
 0000:00000000       __guard_fids_table         0000000000000000     <absolute>
 0000:00000000       __guard_iat_count          0000000000000000     <absolute>
 0000:00000000       __guard_iat_table          0000000000000000     <absolute>
 0000:00000000       __guard_longjmp_count      0000000000000000     <absolute>
 0000:00000000       __guard_longjmp_table      0000000000000000     <absolute>
 0000:00000000       __hybrid_auxiliary_iat     0000000000000000     <absolute>
 0000:00000000       __hybrid_auxiliary_iat_copy 0000000000000000     <absolute>
 0000:00000000       __hybrid_code_map          0000000000000000     <absolute>
 0000:00000000       __hybrid_code_map_count    0000000000000000     <absolute>
 0000:00000000       __x64_code_ranges_to_entry_points 0000000000000000     <absolute>
 0000:00000000       __x64_code_ranges_to_entry_points_count 0000000000000000     <absolute>
 0000:00000100       __guard_flags              0000000000000100     <absolute>
 0000:00000000       __ImageBase                0000000180000000     <linker-defined>
 0001:00000000       Java_org_netbeans_lib_profiler_server_system_Classes_setLockContentionMonitoringEnabled 0000000180001000 f   class_file_cache.obj
 0001:00000010       Java_org_netbeans_lib_profiler_server_system_Classes_setParkTrackingEnabled 0000000180001010 f   class_file_cache.obj
 0001:00000060       Java_org_netbeans_lib_profiler_server_system_Classes_setSleepTrackingEnabled 0000000180001060 f   class_file_cache.obj
 0001:000000b0       Java_org_netbeans_lib_profiler_server_system_Classes_setVMObjectAllocEnabled 00000001800010b0 f   class_file_cache.obj
 0001:000000e0       Java_org_netbeans_lib_profiler_server_system_Classes_setWaitTrackingEnabled 00000001800010e0 f   class_file_cache.obj
 0001:00000140       __local_stdio_printf_options 0000000180001140 f i class_file_cache.obj
 0001:00000150       cache_loaded_classes       0000000180001150 f   class_file_cache.obj
 0001:000001b0       class_file_load_hook       00000001800011b0 f   class_file_cache.obj
 0001:00000310       fprintf                    0000000180001310 f i class_file_cache.obj
 0001:00000360       get_saved_class_file_bytes 0000000180001360 f   class_file_cache.obj
 0001:000009b0       monitor_contended_enter_hook 00000001800019b0 f   class_file_cache.obj
 0001:00000a90       monitor_contended_entered_hook 0000000180001a90 f   class_file_cache.obj
 0001:00000b10       native_method_bind_hook    0000000180001b10 f   class_file_cache.obj
 0001:00000ec0       parkInterceptor            0000000180001ec0 f   class_file_cache.obj
 0001:000013b0       sleepInterceptor           00000001800023b0 f   class_file_cache.obj
 0001:00001480       Java_org_netbeans_lib_profiler_server_system_Timers_enableMicrostateAccounting 0000000180002480 f   Timers.obj
 0001:00001480       Java_org_netbeans_lib_profiler_server_system_Timers_osSleep 0000000180002480 f   Timers.obj
 0001:00001480       _guard_check_icall_nop     0000000180002480 f   MSVCRT:guard_support.obj
 0001:00001480       try_removing_bytes_for_unloaded_classes 0000000180002480 f   class_file_cache.obj
 0001:00001490       vm_object_alloc            0000000180002490 f   class_file_cache.obj
 0001:00001540       waitInterceptor            0000000180002540 f   class_file_cache.obj
 0001:00001610       parse_options_and_extract_params 0000000180002610 f   attach.obj
 0001:000017c0       vm_init_hook               00000001800027c0 f   attach.obj
 0001:00001960       Java_org_netbeans_lib_profiler_server_system_Classes_cacheLoadedClasses 0000000180002960 f   Classes.obj
 0001:00001a00       Java_org_netbeans_lib_profiler_server_system_Classes_disableClassLoadHook 0000000180002a00 f   Classes.obj
 0001:00001a20       Java_org_netbeans_lib_profiler_server_system_Classes_doRedefineClasses 0000000180002a20 f   Classes.obj
 0001:00001ca0       Java_org_netbeans_lib_profiler_server_system_Classes_enableClassLoadHook 0000000180002ca0 f   Classes.obj
 0001:00001d50       Java_org_netbeans_lib_profiler_server_system_Classes_getAllLoadedClasses 0000000180002d50 f   Classes.obj
 0001:00001e90       Java_org_netbeans_lib_profiler_server_system_Classes_getCachedClassFileBytes 0000000180002e90 f   Classes.obj
 0001:00001fb0       Java_org_netbeans_lib_profiler_server_system_Classes_getObjectSize 0000000180002fb0 f   Classes.obj
 0001:00001fe0       Java_org_netbeans_lib_profiler_server_system_Classes_notifyAboutClassLoaderUnloading 0000000180002fe0 f   Classes.obj
 0001:00001ff0       register_class_prepare     0000000180002ff0 f   Classes.obj
 0001:00002040       Java_org_netbeans_lib_profiler_server_system_HeapDump_initialize15 0000000180003040 f   HeapDump.obj
 0001:000020b0       Java_org_netbeans_lib_profiler_server_system_HeapDump_takeHeapDump15Native 00000001800030b0 f   HeapDump.obj
 0001:00002130       Java_org_netbeans_lib_profiler_server_system_Timers_getThreadCPUTimeInNanos 0000000180003130 f   Timers.obj
 0001:00002180       Java_org_netbeans_lib_profiler_server_system_GC_activateGCEpochCounter 0000000180003180 f   GC.obj
 0001:00002280       Java_org_netbeans_lib_profiler_server_system_GC_getCurrentGCEpoch 0000000180003280 f   GC.obj
 0001:00002290       Java_org_netbeans_lib_profiler_server_system_GC_getGCRelativeTimeMetrics 0000000180003290 f   GC.obj
 0001:000023c0       Java_org_netbeans_lib_profiler_server_system_GC_getGCStartFinishTimes 00000001800033c0 f   GC.obj
 0001:00002430       Java_org_netbeans_lib_profiler_server_system_GC_objectsAdjacent 0000000180003430 f   GC.obj
 0001:00002460       Java_org_netbeans_lib_profiler_server_system_GC_resetGCEpochCounter 0000000180003460 f   GC.obj
 0001:00002470       Java_org_netbeans_lib_profiler_server_system_GC_runGC 0000000180003470 f   GC.obj
 0001:00002490       register_gc_finish         0000000180003490 f   GC.obj
 0001:00002520       register_gc_start          0000000180003520 f   GC.obj
 0001:000025b0       Java_org_netbeans_lib_profiler_server_system_Threads_getAllThreads 00000001800035b0 f   Threads.obj
 0001:000026f0       Java_org_netbeans_lib_profiler_server_system_Threads_getJVMArguments 00000001800036f0 f   Threads.obj
 0001:000026f0       Java_org_netbeans_lib_profiler_server_system_Threads_getJavaCommand 00000001800036f0 f   Threads.obj
 0001:00002710       Java_org_netbeans_lib_profiler_server_system_Threads_getThreadsStatus 0000000180003710 f   Threads.obj
 0001:00002880       Java_org_netbeans_lib_profiler_server_system_Threads_getTotalNumberOfThreads 0000000180003880 f   Threads.obj
 0001:000028d0       Java_org_netbeans_lib_profiler_server_system_Threads_recordAdditionalProfilerOwnThread 00000001800038d0 f   Threads.obj
 0001:00002920       Java_org_netbeans_lib_profiler_server_system_Threads_recordProfilerOwnThreads 0000000180003920 f   Threads.obj
 0001:00002b20       Java_org_netbeans_lib_profiler_server_system_Threads_resumeTargetAppThreads 0000000180003b20 f   Threads.obj
 0001:00002ca0       Java_org_netbeans_lib_profiler_server_system_Threads_suspendTargetAppThreads 0000000180003ca0 f   Threads.obj
 0001:00002e20       Java_org_netbeans_lib_profiler_server_system_Threads_targetAppThreadsExist 0000000180003e20 f   Threads.obj
 0001:00002f80       Java_org_netbeans_lib_profiler_server_system_Threads_terminateTargetAppThreads 0000000180003f80 f   Threads.obj
 0001:00003100       convert_JVMTI_thread_status_to_jfluid_status 0000000180004100 f   Threads.obj
 0001:00003180       Java_org_netbeans_lib_profiler_server_system_Stacks_clearNativeStackFrameBuffer 0000000180004180 f   Stacks.obj
 0001:000031c0       Java_org_netbeans_lib_profiler_server_system_Stacks_createNativeStackFrameBuffer 00000001800041c0 f   Stacks.obj
 0001:00003230       Java_org_netbeans_lib_profiler_server_system_Stacks_getAllStackTraces 0000000180004230 f   Stacks.obj
 0001:00003530       Java_org_netbeans_lib_profiler_server_system_Stacks_getCurrentJavaStackDepth 0000000180004530 f   Stacks.obj
 0001:00003560       Java_org_netbeans_lib_profiler_server_system_Stacks_getCurrentStackFrameIds 0000000180004560 f   Stacks.obj
 0001:000038d0       Java_org_netbeans_lib_profiler_server_system_Stacks_getMethodNamesForJMethodIds 00000001800048d0 f   Stacks.obj
 0001:00004290       Agent_OnLoad               0000000180005290 f   common_functions.obj
 0001:00004400       JNI_OnLoad                 0000000180005400 f   common_functions.obj
 0001:00004460       get_nano_time              0000000180005460 f   common_functions.obj
 0001:00004624       __GSHandlerCheck           0000000180005624 f   MSVCRT:gshandler.obj
 0001:00004644       __GSHandlerCheckCommon     0000000180005644 f   MSVCRT:gshandler.obj
 0001:000046b0       __security_check_cookie    00000001800056b0 f   MSVCRT:amdsecgs.obj
 0001:000049f0       _DllMainCRTStartup         00000001800059f0 f   MSVCRT:dll_dllmain.obj
 0001:00004a30       __raise_securityfailure    0000000180005a30 f   MSVCRT:gs_report.obj
 0001:00004a64       __report_gsfailure         0000000180005a64 f   MSVCRT:gs_report.obj
 0001:00004bac       __security_init_cookie     0000000180005bac f   MSVCRT:gs_support.obj
 0001:00004c58       DllMain                    0000000180005c58 f   MSVCRT:dll_dllmain_stub.obj
 0001:00004c7c       ?__scrt_initialize_type_info@@YAXXZ 0000000180005c7c f   MSVCRT:tncleanup.obj
 0001:00004c8c       ?__scrt_uninitialize_type_info@@YAXXZ 0000000180005c8c f   MSVCRT:tncleanup.obj
 0001:00004c98       __local_stdio_scanf_options 0000000180005c98 f i MSVCRT:default_local_stdio_options.obj
 0001:00004ca0       __scrt_initialize_default_local_stdio_options 0000000180005ca0 f   MSVCRT:default_local_stdio_options.obj
 0001:00004cbc       __scrt_acquire_startup_lock 0000000180005cbc f   MSVCRT:utility.obj
 0001:00004cf8       __scrt_dllmain_after_initialize_c 0000000180005cf8 f   MSVCRT:utility.obj
 0001:00004d2c       __scrt_dllmain_before_initialize_c 0000000180005d2c f   MSVCRT:utility.obj
 0001:00004d44       __scrt_dllmain_crt_thread_attach 0000000180005d44 f   MSVCRT:utility.obj
 0001:00004d6c       __scrt_dllmain_crt_thread_detach 0000000180005d6c f   MSVCRT:utility.obj
 0001:00004d84       __scrt_dllmain_exception_filter 0000000180005d84 f   MSVCRT:utility.obj
 0001:00004de4       __scrt_dllmain_uninitialize_c 0000000180005de4 f   MSVCRT:utility.obj
 0001:00004e14       __scrt_dllmain_uninitialize_critical 0000000180005e14 f   MSVCRT:utility.obj
 0001:00004e28       __scrt_initialize_crt      0000000180005e28 f   MSVCRT:utility.obj
 0001:00004e74       __scrt_initialize_onexit_tables 0000000180005e74 f   MSVCRT:utility.obj
 0001:00004f00       __scrt_is_nonwritable_in_current_image 0000000180005f00 f   MSVCRT:utility.obj
 0001:00004f98       __scrt_release_startup_lock 0000000180005f98 f   MSVCRT:utility.obj
 0001:00004fbc       __scrt_uninitialize_crt    0000000180005fbc f   MSVCRT:utility.obj
 0001:00004fe8       __scrt_get_dyn_tls_init_callback 0000000180005fe8 f   MSVCRT:dyn_tls_init.obj
 0001:00004ff0       __crt_debugger_hook        0000000180005ff0 f   MSVCRT:utility_desktop.obj
 0001:00004ff8       __scrt_fastfail            0000000180005ff8 f   MSVCRT:utility_desktop.obj
 0001:00005144       _RTC_Initialize            0000000180006144 f   MSVCRT:initsect.obj
 0001:00005180       _RTC_Terminate             0000000180006180 f   MSVCRT:initsect.obj
 0001:000051bc       __isa_available_init       00000001800061bc f   MSVCRT:cpu_disp.obj
 0001:00005368       _get_startup_argv_mode     0000000180006368 f   MSVCRT:argv_mode.obj
 0001:00005370       __scrt_is_ucrt_dll_in_use  0000000180006370 f   MSVCRT:ucrt_detection.obj
 0001:00005380       memcpy                     0000000180006380 f   vcruntime:VCRUNTIME140.dll
 0001:00005386       memmove                    0000000180006386 f   vcruntime:VCRUNTIME140.dll
 0001:0000538c       memset                     000000018000638c f   vcruntime:VCRUNTIME140.dll
 0001:00005392       __C_specific_handler       0000000180006392 f   vcruntime:VCRUNTIME140.dll
 0001:00005398       __std_type_info_destroy_list 0000000180006398 f   vcruntime:VCRUNTIME140.dll
 0001:0000539e       strcmp                     000000018000639e f   ucrt:api-ms-win-crt-string-l1-1-0.dll
 0001:000053a4       _initterm                  00000001800063a4 f   ucrt:api-ms-win-crt-runtime-l1-1-0.dll
 0001:000053aa       _initterm_e                00000001800063aa f   ucrt:api-ms-win-crt-runtime-l1-1-0.dll
 0001:000053b0       _seh_filter_dll            00000001800063b0 f   ucrt:api-ms-win-crt-runtime-l1-1-0.dll
 0001:000053b6       _configure_narrow_argv     00000001800063b6 f   ucrt:api-ms-win-crt-runtime-l1-1-0.dll
 0001:000053bc       _initialize_narrow_environment 00000001800063bc f   ucrt:api-ms-win-crt-runtime-l1-1-0.dll
 0001:000053c2       _initialize_onexit_table   00000001800063c2 f   ucrt:api-ms-win-crt-runtime-l1-1-0.dll
 0001:000053c8       _execute_onexit_table      00000001800063c8 f   ucrt:api-ms-win-crt-runtime-l1-1-0.dll
 0001:000053ce       _cexit                     00000001800063ce f   ucrt:api-ms-win-crt-runtime-l1-1-0.dll
 0001:000053d4       __acrt_initialize          00000001800063d4 f   MSVCRT:ucrt_stubs.obj
 0001:000053d4       __acrt_thread_attach       00000001800063d4 f   MSVCRT:ucrt_stubs.obj
 0001:000053d4       __acrt_thread_detach       00000001800063d4 f   MSVCRT:ucrt_stubs.obj
 0001:000053d4       __acrt_uninitialize        00000001800063d4 f   MSVCRT:ucrt_stubs.obj
 0001:000053d4       __acrt_uninitialize_critical 00000001800063d4 f   MSVCRT:ucrt_stubs.obj
 0001:000053d4       __scrt_stub_for_acrt_initialize 00000001800063d4 f   MSVCRT:ucrt_stubs.obj
 0001:000053d4       __scrt_stub_for_acrt_thread_attach 00000001800063d4 f   MSVCRT:ucrt_stubs.obj
 0001:000053d4       __scrt_stub_for_acrt_thread_detach 00000001800063d4 f   MSVCRT:ucrt_stubs.obj
 0001:000053d4       __scrt_stub_for_acrt_uninitialize 00000001800063d4 f   MSVCRT:ucrt_stubs.obj
 0001:000053d4       __scrt_stub_for_acrt_uninitialize_critical 00000001800063d4 f   MSVCRT:ucrt_stubs.obj
 0001:000053d4       __vcrt_initialize          00000001800063d4 f   MSVCRT:ucrt_stubs.obj
 0001:000053d4       __vcrt_thread_attach       00000001800063d4 f   MSVCRT:ucrt_stubs.obj
 0001:000053d4       __vcrt_thread_detach       00000001800063d4 f   MSVCRT:ucrt_stubs.obj
 0001:000053d4       __vcrt_uninitialize        00000001800063d4 f   MSVCRT:ucrt_stubs.obj
 0001:000053d4       __vcrt_uninitialize_critical 00000001800063d4 f   MSVCRT:ucrt_stubs.obj
 0001:000053d8       __scrt_stub_for_is_c_termination_complete 00000001800063d8 f   MSVCRT:ucrt_stubs.obj
 0001:000053d8       _is_c_termination_complete 00000001800063d8 f   MSVCRT:ucrt_stubs.obj
 0001:000053f0       _guard_dispatch_icall_nop  00000001800063f0 f   MSVCRT:guard_dispatch.obj
 0001:00005410       _guard_xfg_dispatch_icall_nop 0000000180006410 f   MSVCRT:guard_xfg_dispatch.obj
 0002:00000000       __imp_GetModuleHandleA     0000000180007000     kernel32:KERNEL32.dll
 0002:00000008       __imp_GetProcAddress       0000000180007008     kernel32:KERNEL32.dll
 0002:00000010       __imp_RtlCaptureContext    0000000180007010     kernel32:KERNEL32.dll
 0002:00000018       __imp_RtlLookupFunctionEntry 0000000180007018     kernel32:KERNEL32.dll
 0002:00000020       __imp_RtlVirtualUnwind     0000000180007020     kernel32:KERNEL32.dll
 0002:00000028       __imp_UnhandledExceptionFilter 0000000180007028     kernel32:KERNEL32.dll
 0002:00000030       __imp_SetUnhandledExceptionFilter 0000000180007030     kernel32:KERNEL32.dll
 0002:00000038       __imp_GetCurrentProcess    0000000180007038     kernel32:KERNEL32.dll
 0002:00000040       __imp_TerminateProcess     0000000180007040     kernel32:KERNEL32.dll
 0002:00000048       __imp_IsProcessorFeaturePresent 0000000180007048     kernel32:KERNEL32.dll
 0002:00000050       __imp_QueryPerformanceCounter 0000000180007050     kernel32:KERNEL32.dll
 0002:00000058       __imp_GetCurrentProcessId  0000000180007058     kernel32:KERNEL32.dll
 0002:00000060       __imp_GetCurrentThreadId   0000000180007060     kernel32:KERNEL32.dll
 0002:00000068       __imp_GetSystemTimeAsFileTime 0000000180007068     kernel32:KERNEL32.dll
 0002:00000070       __imp_DisableThreadLibraryCalls 0000000180007070     kernel32:KERNEL32.dll
 0002:00000078       __imp_InitializeSListHead  0000000180007078     kernel32:KERNEL32.dll
 0002:00000080       __imp_IsDebuggerPresent    0000000180007080     kernel32:KERNEL32.dll
 0002:00000088       \177KERNEL32_NULL_THUNK_DATA 0000000180007088     kernel32:KERNEL32.dll
 0002:00000090       __imp_memmove              0000000180007090     vcruntime:VCRUNTIME140.dll
 0002:00000098       __imp_memset               0000000180007098     vcruntime:VCRUNTIME140.dll
 0002:000000a0       __imp___C_specific_handler 00000001800070a0     vcruntime:VCRUNTIME140.dll
 0002:000000a8       __imp___std_type_info_destroy_list 00000001800070a8     vcruntime:VCRUNTIME140.dll
 0002:000000b0       __imp_memcpy               00000001800070b0     vcruntime:VCRUNTIME140.dll
 0002:000000b8       \177VCRUNTIME140_NULL_THUNK_DATA 00000001800070b8     vcruntime:VCRUNTIME140.dll
 0002:000000c0       __imp_atoi                 00000001800070c0     ucrt:api-ms-win-crt-convert-l1-1-0.dll
 0002:000000c8       __imp_strtol               00000001800070c8     ucrt:api-ms-win-crt-convert-l1-1-0.dll
 0002:000000d0       \177api-ms-win-crt-convert-l1-1-0_NULL_THUNK_DATA 00000001800070d0     ucrt:api-ms-win-crt-convert-l1-1-0.dll
 0002:000000d8       __imp_malloc               00000001800070d8     ucrt:api-ms-win-crt-heap-l1-1-0.dll
 0002:000000e0       __imp_free                 00000001800070e0     ucrt:api-ms-win-crt-heap-l1-1-0.dll
 0002:000000e8       __imp_calloc               00000001800070e8     ucrt:api-ms-win-crt-heap-l1-1-0.dll
 0002:000000f0       \177api-ms-win-crt-heap-l1-1-0_NULL_THUNK_DATA 00000001800070f0     ucrt:api-ms-win-crt-heap-l1-1-0.dll
 0002:000000f8       __imp__configure_narrow_argv 00000001800070f8     ucrt:api-ms-win-crt-runtime-l1-1-0.dll
 0002:00000100       __imp__cexit               0000000180007100     ucrt:api-ms-win-crt-runtime-l1-1-0.dll
 0002:00000108       __imp__initterm            0000000180007108     ucrt:api-ms-win-crt-runtime-l1-1-0.dll
 0002:00000110       __imp__initterm_e          0000000180007110     ucrt:api-ms-win-crt-runtime-l1-1-0.dll
 0002:00000118       __imp__seh_filter_dll      0000000180007118     ucrt:api-ms-win-crt-runtime-l1-1-0.dll
 0002:00000120       __imp__initialize_narrow_environment 0000000180007120     ucrt:api-ms-win-crt-runtime-l1-1-0.dll
 0002:00000128       __imp__initialize_onexit_table 0000000180007128     ucrt:api-ms-win-crt-runtime-l1-1-0.dll
 0002:00000130       __imp__execute_onexit_table 0000000180007130     ucrt:api-ms-win-crt-runtime-l1-1-0.dll
 0002:00000138       \177api-ms-win-crt-runtime-l1-1-0_NULL_THUNK_DATA 0000000180007138     ucrt:api-ms-win-crt-runtime-l1-1-0.dll
 0002:00000140       __imp___acrt_iob_func      0000000180007140     ucrt:api-ms-win-crt-stdio-l1-1-0.dll
 0002:00000148       __imp___stdio_common_vfprintf 0000000180007148     ucrt:api-ms-win-crt-stdio-l1-1-0.dll
 0002:00000150       \177api-ms-win-crt-stdio-l1-1-0_NULL_THUNK_DATA 0000000180007150     ucrt:api-ms-win-crt-stdio-l1-1-0.dll
 0002:00000158       __imp_strcmp               0000000180007158     ucrt:api-ms-win-crt-string-l1-1-0.dll
 0002:00000160       __imp_strncpy              0000000180007160     ucrt:api-ms-win-crt-string-l1-1-0.dll
 0002:00000168       __imp_strpbrk              0000000180007168     ucrt:api-ms-win-crt-string-l1-1-0.dll
 0002:00000170       \177api-ms-win-crt-string-l1-1-0_NULL_THUNK_DATA 0000000180007170     ucrt:api-ms-win-crt-string-l1-1-0.dll
 0002:00000178       __guard_check_icall_fptr   0000000180007178     MSVCRT:guard_support.obj
 0002:00000180       __guard_xfg_check_icall_fptr 0000000180007180     MSVCRT:guard_support.obj
 0002:00000188       __guard_dispatch_icall_fptr 0000000180007188     MSVCRT:guard_support.obj
 0002:00000190       __guard_xfg_dispatch_icall_fptr 0000000180007190     MSVCRT:guard_support.obj
 0002:00000198       __guard_xfg_table_dispatch_icall_fptr 0000000180007198     MSVCRT:guard_support.obj
 0002:000001a0       __castguard_check_failure_os_handled_fptr 00000001800071a0     MSVCRT:guard_support.obj
 0002:000001a8       __guard_memcpy_fptr        00000001800071a8     vcruntime:softmemtag.obj
 0002:000001b0       __xc_a                     00000001800071b0     MSVCRT:initializers.obj
 0002:000001b8       __xc_z                     00000001800071b8     MSVCRT:initializers.obj
 0002:000001c0       __xi_a                     00000001800071c0     MSVCRT:initializers.obj
 0002:000001c8       __xi_z                     00000001800071c8     MSVCRT:initializers.obj
 0002:000001d0       __xp_a                     00000001800071d0     MSVCRT:initializers.obj
 0002:000001d8       __xp_z                     00000001800071d8     MSVCRT:initializers.obj
 0002:000001e0       __xt_a                     00000001800071e0     MSVCRT:initializers.obj
 0002:000001e8       __xt_z                     00000001800071e8     MSVCRT:initializers.obj
 0002:000001f0       ??_C@_0DL@MNDFADDJ@Profiler?5Agent?5Warning?3?5Retrans@ 00000001800071f0     class_file_cache.obj
 0002:00000230       ??_C@_0CF@EFCAGNHB@Profiler?5Agent?3?5250?5classes?5cac@ 0000000180007230     class_file_cache.obj
 0002:00000260       ??_C@_0EC@IOGMOHKP@Profiler?5Agent?5Warning?3?5JVMTI?5c@ 0000000180007260     class_file_cache.obj
 0002:000002b0       ??_C@_0EG@LDLIOLKM@org?1netbeans?1lib?1profiler?1serve@ 00000001800072b0     class_file_cache.obj
 0002:000002f8       ??_C@_0BB@DDFKOHA@java?1lang?1Object@ 00000001800072f8     class_file_cache.obj
 0002:00000310       ??_C@_0DB@HKNOPGEB@org?1netbeans?1lib?1profiler?1serve@ 0000000180007310     class_file_cache.obj
 0002:00000350       ??_C@_0HA@CLLPKHIN@Profiler?5Agent?5Warning?3?5Native?5@ 0000000180007350     class_file_cache.obj
 0002:000003c0       ??_C@_03GAEACAIP@?$CI?$CJV@ 00000001800073c0     class_file_cache.obj
 0002:000003c8       ??_C@_09KADJMIJO@waitEntry@ 00000001800073c8     class_file_cache.obj
 0002:000003e0       ??_C@_0EL@GJNJFMDH@Profiler?5Agent?5Warning?3?5Native?5@ 00000001800073e0     class_file_cache.obj
 0002:00000430       ??_C@_08CNCFLAJO@waitExit@ 0000000180007430     class_file_cache.obj
 0002:00000440       ??_C@_0EK@OLCFIAFA@Profiler?5Agent?5Warning?3?5Native?5@ 0000000180007440     class_file_cache.obj
 0002:00000490       ??_C@_0L@GOLGDPLJ@sleepEntry@ 0000000180007490     class_file_cache.obj
 0002:000004a0       ??_C@_0EM@IEIGLNGJ@Profiler?5Agent?5Warning?3?5Native?5@ 00000001800074a0     class_file_cache.obj
 0002:000004f0       ??_C@_09MDDGAIOJ@sleepExit@ 00000001800074f0     class_file_cache.obj
 0002:00000500       ??_C@_0EL@MEHPONA@Profiler?5Agent?5Warning?3?5Native?5@ 0000000180007500     class_file_cache.obj
 0002:00000550       ??_C@_0DK@NBGNGHMP@?$CILjava?1lang?1Thread?$DLLjava?1lang?1O@ 0000000180007550     class_file_cache.obj
 0002:00000590       ??_C@_0N@CHPDJINF@monitorEntry@ 0000000180007590     class_file_cache.obj
 0002:000005a0       ??_C@_0EO@FGIOOJKD@Profiler?5Agent?5Warning?3?5Native?5@ 00000001800075a0     class_file_cache.obj
 0002:000005f0       ??_C@_0CI@NOPLIJCD@?$CILjava?1lang?1Thread?$DLLjava?1lang?1O@ 00000001800075f0     class_file_cache.obj
 0002:00000618       ??_C@_0M@OPNGCJAP@monitorExit@ 0000000180007618     class_file_cache.obj
 0002:00000630       ??_C@_0EN@JJGMJPG@Profiler?5Agent?5Warning?3?5Native?5@ 0000000180007630     class_file_cache.obj
 0002:00000680       ??_C@_09PCKCBCLN@parkEntry@ 0000000180007680     class_file_cache.obj
 0002:00000690       ??_C@_0EL@IOGJPPOO@Profiler?5Agent?5Warning?3?5Native?5@ 0000000180007690     class_file_cache.obj
 0002:000006e0       ??_C@_08NOBNKFCN@parkExit@ 00000001800076e0     class_file_cache.obj
 0002:000006f0       ??_C@_0EK@ODKLFOFO@Profiler?5Agent?5Warning?3?5Native?5@ 00000001800076f0     class_file_cache.obj
 0002:00000740       ??_C@_0DH@EKBHPPGA@org?1netbeans?1lib?1profiler?1serve@ 0000000180007740     class_file_cache.obj
 0002:00000780       ??_C@_0HG@OIMPHOLC@Profiler?5Agent?5Warning?3?5Native?5@ 0000000180007780     class_file_cache.obj
 0002:000007f8       ??_C@_0CH@KNMHJAAG@?$CILjava?1lang?1Object?$DLLjava?1lang?1C@ 00000001800077f8     class_file_cache.obj
 0002:00000820       ??_C@_0BD@PAKGPBCM@traceVMObjectAlloc@ 0000000180007820     class_file_cache.obj
 0002:00000840       ??_C@_0FE@GEOKNPLG@Profiler?5Agent?5Warning?3?5Native?5@ 0000000180007840     class_file_cache.obj
 0002:000008a0       ??_C@_0EI@HAHMOJIC@Profiler?5Agent?5Warning?3?5Invalid@ 00000001800078a0     class_file_cache.obj
 0002:000008e8       ??_C@_0CN@LLILACCD@Profiler?5Agent?5Warning?3?5mId?5?$DN?5?$CF@ 00000001800078e8     class_file_cache.obj
 0002:00000918       ??_C@_0CB@BMGFJDFJ@Profiler?5Agent?5Warning?3?5dCl?5?$DN?5?$CF@ 0000000180007918     class_file_cache.obj
 0002:00000940       ??_C@_0N@IJFPLPHF@?0?5?$CKdCl?5?$DN?5?$CFd?6@ 0000000180007940     class_file_cache.obj
 0002:00000950       ??_C@_01EEMJAFIK@?6@       0000000180007950     class_file_cache.obj
 0002:00000960       ??_C@_0EF@LCICMGOO@Profiler?5Agent?5Warning?3?5Couldn?8@ 0000000180007960     class_file_cache.obj
 0002:000009b0       ??_C@_0EA@INNHHNB@Profiler?5Agent?5Warning?3?5Couldn?8@ 00000001800079b0     class_file_cache.obj
 0002:000009f0       ??_C@_0BD@HMGGFBMH@Ljava?1lang?1Object?$DL@ 00000001800079f0     class_file_cache.obj
 0002:00000a04       ??_C@_04PNOAOIAG@wait@     0000000180007a04     class_file_cache.obj
 0002:00000a0c       ??_C@_04OHLIFDMD@?$CIJ?$CJV@ 0000000180007a0c     class_file_cache.obj
 0002:00000a18       ??_C@_0BD@KAGNMIPJ@Ljava?1lang?1Thread?$DL@ 0000000180007a18     class_file_cache.obj
 0002:00000a2c       ??_C@_05PCJCMMHD@sleep@    0000000180007a2c     class_file_cache.obj
 0002:00000a38       ??_C@_0BC@OHAINMHG@Lsun?1misc?1Unsafe?$DL@ 0000000180007a38     class_file_cache.obj
 0002:00000a4c       ??_C@_04JCOJHGBJ@park@     0000000180007a4c     class_file_cache.obj
 0002:00000a54       ??_C@_05PILFDBIJ@?$CIZJ?$CJV@ 0000000180007a54     class_file_cache.obj
 0002:00000a60       ??_C@_0BD@KFOCGACH@?1jfluid?9server?4jar@ 0000000180007a60     attach.obj
 0002:00000a78       ??_C@_0BG@NDNNMHLC@?1jfluid?9server?915?4jar@ 0000000180007a78     attach.obj
 0002:00000a90       ??_C@_0DA@OHIMDAIB@org?1netbeans?1lib?1profiler?1serve@ 0000000180007a90     attach.obj
 0002:00000ac0       ??_C@_0BE@LBKPKNCB@sun?4boot?4class?4path@ 0000000180007ac0     attach.obj
 0002:00000ae0       ??_C@_0EP@NPIGPOOA@Profiler?5Agent?5Error?3?5Can?8t?5sta@ 0000000180007ae0     attach.obj
 0002:00000b30       ??_C@_0DG@OHHGMDPI@Profiler?5Agent?5Error?3?5Boot?5clas@ 0000000180007b30     attach.obj
 0002:00000b70       ??_C@_0EP@HLMAEDIE@Profiler?5Agent?5Error?3?5Please?5ch@ 0000000180007b70     attach.obj
 0002:00000bc0       ??_C@_0BJ@LBEAHGJE@?$CILjava?1lang?1String?$DLIII?$CJV@ 0000000180007bc0     attach.obj
 0002:00000be0       ??_C@_08IFCMKJCD@activate@ 0000000180007be0     attach.obj
 0002:00000bf0       ??_C@_0GP@IENLFIOK@Profiler?5Agent?5Error?3?5Can?8t?5sta@ 0000000180007bf0     attach.obj
 0002:00000c60       ??_C@_0BA@JJLOPNCP@java?1lang?1Class@ 0000000180007c60     Classes.obj
 0002:00000c70       ??_C@_0DD@KDANPBBM@org?1netbeans?1lib?1profiler?1serve@ 0000000180007c70     Classes.obj
 0002:00000ca8       ??_C@_0BF@INHFEFJF@?$CILjava?1lang?1Class?$DL?$CJV@ 0000000180007ca8     Classes.obj
 0002:00000cc0       ??_C@_0O@MCHFOHNE@classLoadHook@ 0000000180007cc0     Classes.obj
 0002:00000cd0       ??_C@_0EE@ONKPLAEN@Profiler?5Agent?5Error?3?5Error?5whi@ 0000000180007cd0     Classes.obj
 0002:00000d20       ??_C@_0ED@OLPILPNO@Profiler?5Agent?3?5Redefining?5?$CFd?5c@ 0000000180007d20     Classes.obj
 0002:00000d68       ??_C@_07KCBEICKO@jvm?4dll@ 0000000180007d68     HeapDump.obj
 0002:00000d70       ??_C@_0DH@DPPANNBH@Profiler?5Agent?5Error?3?5Unable?5to@ 0000000180007d70     HeapDump.obj
 0002:00000da8       ??_C@_0N@HFAABJHC@JVM_DumpHeap@ 0000000180007da8     HeapDump.obj
 0002:00000dc0       ??_C@_0EG@CPNKKAKH@Profiler?5Agent?5Error?3?5Unable?5to@ 0000000180007dc0     HeapDump.obj
 0002:00000e08       ??_C@_0BM@BCIKDFDN@Profiler?5Agent?3?5Heap?5dump?4?4@ 0000000180007e08     HeapDump.obj
 0002:00000e28       ??_C@_0BB@HLPIHIHL@?5end?0?5status?5?$CFd?6@ 0000000180007e28     HeapDump.obj
 0002:00000e40       ??_C@_0DO@FGCOPJOJ@Profiler?5Agent?5Error?3?5GetCurren@ 0000000180007e40     Timers.obj
 0002:00000e80       __real@447a0000            0000000180007e80     GC.obj
 0002:00000e88       ??_C@_0BB@NOKBFPFO@java?1lang?1Thread@ 0000000180007e88     Threads.obj
 0002:00000ea0       ??_C@_0CD@GDJGGLIA@?$CKNOT?5PROVIDED?5IN?5THIS?5JVM?5VERSI@ 0000000180007ea0     Threads.obj
 0002:00000ec8       ??_C@_0BA@KKBGIHDJ@?$DMunknown?5class?$DO@ 0000000180007ec8     Stacks.obj
 0002:00000ed8       ??_C@_0BB@KBLHKEOJ@?$DMunknown?5method?$DO@ 0000000180007ed8     Stacks.obj
 0002:00000eec       ??_C@_01GBGANLPD@0@        0000000180007eec     Stacks.obj
 0002:00000ef0       ??_C@_0EH@KFMJDOHC@Profiler?5Agent?5Warning?3?5Couldn?8@ 0000000180007ef0     Stacks.obj
 0002:00000f38       ??_C@_01HIHLOKLC@1@        0000000180007f38     Stacks.obj
 0002:00000f3c       ??_C@_02EBOMBDPA@?$FLI@    0000000180007f3c     Stacks.obj
 0002:00000f40       ??_C@_0FL@LEPBAMOB@Profiler?5Agent?3?5?9agentpath?3?$DMPAT@ 0000000180007f40     common_functions.obj
 0002:00000fa0       ??_C@_0GE@ELAFOCKD@Profiler?5Agent?3?5path?5to?5Profile@ 0000000180007fa0     common_functions.obj
 0002:00001010       ??_C@_0GN@LEDONFPH@Profiler?5Agent?3?5java?5?9agentpath@ 0000000180008010     common_functions.obj
 0002:00001080       ??_C@_0EL@JBGGODJJ@Profiler?5Agent?5Error?3?5Failed?5to@ 0000000180008080     common_functions.obj
 0002:000010d0       ??_C@_0CM@FJDJCGMB@Profiler?5Agent?3?5JNI?5OnLoad?5Init@ 00000001800080d0     common_functions.obj
 0002:00001100       ??_C@_0DF@KOCCGEJB@Profiler?5Agent?3?5JNI?5OnLoad?5Init@ 0000000180008100     common_functions.obj
 0002:00001138       ??_C@_0CB@GOANEONN@Profiler?5Agent?3?5Initializing?4?4?4@ 0000000180008138     common_functions.obj
 0002:00001160       ??_C@_0BP@EFMKJOGC@Profiler?5Agent?3?5Options?3?5?$DO?$CFs?$DM?6@ 0000000180008160     common_functions.obj
 0002:00001180       ??_C@_0BM@EHPKLAG@Profiler?5Agent?3?5No?5options?6@ 0000000180008180     common_functions.obj
 0002:0000119c       ??_C@_01IHBHIGKO@?0@       000000018000819c     common_functions.obj
 0002:000011a0       ??_C@_0CK@KCILNIKO@Profiler?5Agent?3?5Initialized?5suc@ 00000001800081a0     common_functions.obj
 0002:000011d0       _pDefaultRawDllMain        00000001800081d0     MSVCRT:dll_dllmain.obj
 0002:000011d0       _pRawDllMain               00000001800081d0     MSVCRT:dll_dllmain.obj
 0002:000011f0       __xmm@ffffffffffffffffffffffffffffffff 00000001800081f0     MSVCRT:utility.obj
 0002:00001200       _load_config_used          0000000180008200     MSVCRT:loadcfg.obj
 0002:00001380       __volatile_metadata        0000000180008380     <linker-defined>
 0002:00001640       __rtc_iaa                  0000000180008640     MSVCRT:initsect.obj
 0002:00001648       __rtc_izz                  0000000180008648     MSVCRT:initsect.obj
 0002:00001650       __rtc_taa                  0000000180008650     MSVCRT:initsect.obj
 0002:00001658       __rtc_tzz                  0000000180008658     MSVCRT:initsect.obj
 0002:00002af8       __IMPORT_DESCRIPTOR_KERNEL32 0000000180009af8     kernel32:KERNEL32.dll
 0002:00002b0c       __IMPORT_DESCRIPTOR_VCRUNTIME140 0000000180009b0c     vcruntime:VCRUNTIME140.dll
 0002:00002b20       __IMPORT_DESCRIPTOR_api-ms-win-crt-stdio-l1-1-0 0000000180009b20     ucrt:api-ms-win-crt-stdio-l1-1-0.dll
 0002:00002b34       __IMPORT_DESCRIPTOR_api-ms-win-crt-heap-l1-1-0 0000000180009b34     ucrt:api-ms-win-crt-heap-l1-1-0.dll
 0002:00002b48       __IMPORT_DESCRIPTOR_api-ms-win-crt-string-l1-1-0 0000000180009b48     ucrt:api-ms-win-crt-string-l1-1-0.dll
 0002:00002b5c       __IMPORT_DESCRIPTOR_api-ms-win-crt-convert-l1-1-0 0000000180009b5c     ucrt:api-ms-win-crt-convert-l1-1-0.dll
 0002:00002b70       __IMPORT_DESCRIPTOR_api-ms-win-crt-runtime-l1-1-0 0000000180009b70     ucrt:api-ms-win-crt-runtime-l1-1-0.dll
 0002:00002b84       __NULL_IMPORT_DESCRIPTOR   0000000180009b84     kernel32:KERNEL32.dll
 0003:00000030       _fltused                   000000018000b030     MSVCRT:fltused.obj
 0003:00000040       __security_cookie_complement 000000018000b040     MSVCRT:gs_cookie.obj
 0003:00000048       __security_cookie          000000018000b048     MSVCRT:gs_cookie.obj
 0003:00000050       __scrt_native_dllmain_reason 000000018000b050     MSVCRT:utility.obj
 0003:00000058       __isa_available            000000018000b058     MSVCRT:cpu_disp.obj
 0003:0000005c       __isa_enabled              000000018000b05c     MSVCRT:cpu_disp.obj
 0003:00000060       __memset_fast_string_threshold 000000018000b060     MSVCRT:cpu_disp.obj
 0003:00000068       __memset_nt_threshold      000000018000b068     MSVCRT:cpu_disp.obj
 0003:00000070       __scrt_ucrt_dll_is_in_use  000000018000b070     MSVCRT:ucrt_stubs.obj
 0003:000001c0       entries                    000000018000b1c0     Stacks.obj
 0003:000008c0       ?__type_info_root_node@@3U__type_info_node@@A 000000018000b8c0     MSVCRT:tncleanup.obj
 0003:000008d0       ?_OptionsStorage@?1??__local_stdio_scanf_options@@9@4_KA 000000018000b8d0     MSVCRT:default_local_stdio_options.obj
 0003:000008d8       __scrt_current_native_startup_state 000000018000b8d8     MSVCRT:utility.obj
 0003:000008e0       __scrt_native_startup_lock 000000018000b8e0     MSVCRT:utility.obj
 0003:00000920       __scrt_debugger_hook_flag  000000018000b920     MSVCRT:utility_desktop.obj
 0003:00000924       __favor                    000000018000b924     MSVCRT:cpu_disp.obj
 0003:00000928       _jvmti_callbacks           000000018000b928     <common>
 0003:00000930       _jvmti                     000000018000b930     <common>
 0003:00000938       JVM_DumpHeap15             000000018000b938     <common>
 0003:00000940       ?_OptionsStorage@?1??__local_stdio_printf_options@@9@9 000000018000b940     <common>
 0003:00000948       __dyn_tls_init_callback    000000018000b948     <common>

 entry point at        0001:000049f0

 Static symbols

 0001:000004e0       hash                       00000001800014e0 f   class_file_cache.obj
 0001:00000600       initializeMethods          0000000180001600 f   class_file_cache.obj
 0001:00000fa0       save_class_file_bytes      0000000180001fa0 f   class_file_cache.obj
 0001:00003ce0       convert_jmethodID_to_jint  0000000180004ce0 f   Stacks.obj
 0001:00003f50       copy_dummy_names_into_data_array 0000000180004f50 f   Stacks.obj
 0001:000041c0       copy_into_data_array       00000001800051c0 f   Stacks.obj
 0001:00004490       initializeJVMTI            0000000180005490 f   common_functions.obj
 0001:000046a0       $$000000                   00000001800056a0     MSVCRT:amdsecgs.obj
 0001:000046d0       ?dllmain_crt_dispatch@@YAHQEAUHINSTANCE__@@KQEAX@Z 00000001800056d0 f   MSVCRT:dll_dllmain.obj
 0001:00004720       ?dllmain_crt_process_attach@@YAHQEAUHINSTANCE__@@QEAX@Z 0000000180005720 f   MSVCRT:dll_dllmain.obj
 0001:00004838       ?dllmain_crt_process_detach@@YAH_N@Z 0000000180005838 f   MSVCRT:dll_dllmain.obj
 0001:000048bc       ?dllmain_dispatch@@YAHQEAUHINSTANCE__@@KQEAX@Z 00000001800058bc f   MSVCRT:dll_dllmain.obj
 0001:00004b38       capture_previous_context   0000000180005b38 f   MSVCRT:gs_report.obj
 0001:000053e0       $$000000                   00000001800063e0     MSVCRT:guard_dispatch.obj
 0001:00005400       $$000000                   0000000180006400     MSVCRT:guard_xfg_dispatch.obj
 0001:00005416       ?fin$0@?0??dllmain_crt_process_attach@@YAHQEAUHINSTANCE__@@QEAX@Z@4HA 0000000180006416 f   MSVCRT:dll_dllmain.obj
 0001:0000542d       ?fin$0@?0??dllmain_crt_process_detach@@YAH_N@Z@4HA 000000018000642d f   MSVCRT:dll_dllmain.obj
 0001:00005446       ?fin$1@?0??dllmain_crt_process_detach@@YAH_N@Z@4HA 0000000180006446 f   MSVCRT:dll_dllmain.obj
 0001:0000545a       ?filt$0@?0??dllmain_dispatch@@YAHQEAUHINSTANCE__@@KQEAX@Z@4HA 000000018000645a f   MSVCRT:dll_dllmain.obj
 0001:00005490       __scrt_is_nonwritable_in_current_image$filt$0 0000000180006490 f   MSVCRT:utility.obj
 0002:000011d8       GS_ExceptionPointers       00000001800081d8     MSVCRT:gs_report.obj
 0002:00001660       $unwind$fprintf            0000000180008660     class_file_cache.obj
 0002:0000166c       $unwind$class_file_load_hook 000000018000866c     class_file_cache.obj
 0002:0000167c       $unwind$native_method_bind_hook 000000018000867c     class_file_cache.obj
 0002:00001684       $chain$3$native_method_bind_hook 0000000180008684     class_file_cache.obj
 0002:000016a4       $chain$4$native_method_bind_hook 00000001800086a4     class_file_cache.obj
 0002:000016b4       $unwind$monitor_contended_enter_hook 00000001800086b4     class_file_cache.obj
 0002:000016c8       $unwind$monitor_contended_entered_hook 00000001800086c8     class_file_cache.obj
 0002:000016d8       $unwind$vm_object_alloc    00000001800086d8     class_file_cache.obj
 0002:000016e4       $chain$0$vm_object_alloc   00000001800086e4     class_file_cache.obj
 0002:000016f8       $chain$1$vm_object_alloc   00000001800086f8     class_file_cache.obj
 0002:00001708       $unwind$copy_dummy_names_into_data_array 0000000180008708     Stacks.obj
 0002:00001708       $unwind$sleepInterceptor   0000000180008708     class_file_cache.obj
 0002:00001708       $unwind$waitInterceptor    0000000180008708     class_file_cache.obj
 0002:00001708       $unwind$_DllMainCRTStartup 0000000180008708     MSVCRT:dll_dllmain.obj
 0002:00001718       $unwind$copy_into_data_array 0000000180008718     Stacks.obj
 0002:00001718       $unwind$parkInterceptor    0000000180008718     class_file_cache.obj
 0002:00001718       $unwind$__scrt_dllmain_exception_filter 0000000180008718     MSVCRT:utility.obj
 0002:0000172c       $unwind$convert_jmethodID_to_jint 000000018000872c     Stacks.obj
 0002:0000172c       $unwind$get_saved_class_file_bytes 000000018000872c     class_file_cache.obj
 0002:00001744       $unwind$Java_org_netbeans_lib_profiler_server_system_Classes_enableClassLoadHook 0000000180008744     Classes.obj
 0002:00001744       $unwind$register_class_prepare 0000000180008744     Classes.obj
 0002:00001744       $unwind$Java_org_netbeans_lib_profiler_server_system_GC_activateGCEpochCounter 0000000180008744     GC.obj
 0002:00001744       $unwind$Java_org_netbeans_lib_profiler_server_system_Stacks_createNativeStackFrameBuffer 0000000180008744     Stacks.obj
 0002:00001744       $unwind$Java_org_netbeans_lib_profiler_server_system_Timers_getThreadCPUTimeInNanos 0000000180008744     Timers.obj
 0002:00001744       $unwind$Java_org_netbeans_lib_profiler_server_system_Classes_setParkTrackingEnabled 0000000180008744     class_file_cache.obj
 0002:00001744       $unwind$Java_org_netbeans_lib_profiler_server_system_Classes_setSleepTrackingEnabled 0000000180008744     class_file_cache.obj
 0002:00001744       $unwind$Java_org_netbeans_lib_profiler_server_system_Classes_setWaitTrackingEnabled 0000000180008744     class_file_cache.obj
 0002:00001744       $unwind$cache_loaded_classes 0000000180008744     class_file_cache.obj
 0002:00001744       $unwind$JNI_OnLoad         0000000180008744     common_functions.obj
 0002:00001744       $unwind$__raise_securityfailure 0000000180008744     MSVCRT:gs_report.obj
 0002:00001744       $unwind$__scrt_initialize_crt 0000000180008744     MSVCRT:utility.obj
 0002:00001744       $unwind$__scrt_initialize_onexit_tables 0000000180008744     MSVCRT:utility.obj
 0002:00001744       $unwind$__scrt_release_startup_lock 0000000180008744     MSVCRT:utility.obj
 0002:00001744       $unwind$__scrt_uninitialize_crt 0000000180008744     MSVCRT:utility.obj
 0002:0000174c       $unwind$hash               000000018000874c     class_file_cache.obj
 0002:00001754       $unwind$save_class_file_bytes 0000000180008754     class_file_cache.obj
 0002:00001768       $chain$0$save_class_file_bytes 0000000180008768     class_file_cache.obj
 0002:0000177c       $chain$1$save_class_file_bytes 000000018000877c     class_file_cache.obj
 0002:0000178c       $unwind$register_gc_finish 000000018000878c     GC.obj
 0002:0000178c       $unwind$register_gc_start  000000018000878c     GC.obj
 0002:0000178c       $unwind$Java_org_netbeans_lib_profiler_server_system_HeapDump_takeHeapDump15Native 000000018000878c     HeapDump.obj
 0002:0000178c       $unwind$Java_org_netbeans_lib_profiler_server_system_Threads_recordAdditionalProfilerOwnThread 000000018000878c     Threads.obj
 0002:0000178c       $unwind$initializeMethods  000000018000878c     class_file_cache.obj
 0002:0000178c       $unwind$Agent_OnLoad       000000018000878c     common_functions.obj
 0002:0000178c       $unwind$_RTC_Initialize    000000018000878c     MSVCRT:initsect.obj
 0002:0000178c       $unwind$_RTC_Terminate     000000018000878c     MSVCRT:initsect.obj
 0002:00001798       $unwind$Java_org_netbeans_lib_profiler_server_system_Classes_getObjectSize 0000000180008798     Classes.obj
 0002:00001798       $unwind$Java_org_netbeans_lib_profiler_server_system_HeapDump_initialize15 0000000180008798     HeapDump.obj
 0002:00001798       $unwind$Java_org_netbeans_lib_profiler_server_system_Stacks_clearNativeStackFrameBuffer 0000000180008798     Stacks.obj
 0002:00001798       $unwind$Java_org_netbeans_lib_profiler_server_system_Stacks_getCurrentJavaStackDepth 0000000180008798     Stacks.obj
 0002:00001798       $unwind$Java_org_netbeans_lib_profiler_server_system_Threads_getTotalNumberOfThreads 0000000180008798     Threads.obj
 0002:00001798       $unwind$Java_org_netbeans_lib_profiler_server_system_Classes_setVMObjectAllocEnabled 0000000180008798     class_file_cache.obj
 0002:00001798       $unwind$get_nano_time      0000000180008798     common_functions.obj
 0002:00001798       $unwind$__scrt_initialize_default_local_stdio_options 0000000180008798     MSVCRT:default_local_stdio_options.obj
 0002:00001798       $unwind$?dllmain_crt_dispatch@@YAHQEAUHINSTANCE__@@KQEAX@Z 0000000180008798     MSVCRT:dll_dllmain.obj
 0002:00001798       $unwind$DllMain            0000000180008798     MSVCRT:dll_dllmain_stub.obj
 0002:00001798       $unwind$__GSHandlerCheck   0000000180008798     MSVCRT:gshandler.obj
 0002:00001798       $unwind$__scrt_acquire_startup_lock 0000000180008798     MSVCRT:utility.obj
 0002:00001798       $unwind$__scrt_dllmain_after_initialize_c 0000000180008798     MSVCRT:utility.obj
 0002:00001798       $unwind$__scrt_dllmain_before_initialize_c 0000000180008798     MSVCRT:utility.obj
 0002:00001798       $unwind$__scrt_dllmain_crt_thread_attach 0000000180008798     MSVCRT:utility.obj
 0002:00001798       $unwind$__scrt_dllmain_crt_thread_detach 0000000180008798     MSVCRT:utility.obj
 0002:00001798       $unwind$__scrt_dllmain_uninitialize_c 0000000180008798     MSVCRT:utility.obj
 0002:00001798       $unwind$__scrt_dllmain_uninitialize_critical 0000000180008798     MSVCRT:utility.obj
 0002:000017a0       $unwind$vm_init_hook       00000001800087a0     attach.obj
 0002:000017ac       $chain$0$vm_init_hook      00000001800087ac     attach.obj
 0002:000017c0       $chain$2$vm_init_hook      00000001800087c0     attach.obj
 0002:000017d4       $chain$3$vm_init_hook      00000001800087d4     attach.obj
 0002:000017e8       $chain$4$vm_init_hook      00000001800087e8     attach.obj
 0002:000017f8       $unwind$parse_options_and_extract_params 00000001800087f8     attach.obj
 0002:0000180c       $unwind$Java_org_netbeans_lib_profiler_server_system_Classes_getAllLoadedClasses 000000018000880c     Classes.obj
 0002:00001820       $unwind$Java_org_netbeans_lib_profiler_server_system_Classes_getCachedClassFileBytes 0000000180008820     Classes.obj
 0002:0000182c       $unwind$Java_org_netbeans_lib_profiler_server_system_Classes_cacheLoadedClasses 000000018000882c     Classes.obj
 0002:00001840       $chain$0$Java_org_netbeans_lib_profiler_server_system_Classes_cacheLoadedClasses 0000000180008840     Classes.obj
 0002:00001854       $chain$1$Java_org_netbeans_lib_profiler_server_system_Classes_cacheLoadedClasses 0000000180008854     Classes.obj
 0002:00001864       $unwind$Java_org_netbeans_lib_profiler_server_system_Classes_doRedefineClasses 0000000180008864     Classes.obj
 0002:00001874       $chain$2$Java_org_netbeans_lib_profiler_server_system_Classes_doRedefineClasses 0000000180008874     Classes.obj
 0002:00001890       $chain$3$Java_org_netbeans_lib_profiler_server_system_Classes_doRedefineClasses 0000000180008890     Classes.obj
 0002:000018a0       $unwind$Java_org_netbeans_lib_profiler_server_system_GC_getGCRelativeTimeMetrics 00000001800088a0     GC.obj
 0002:000018b0       $unwind$Java_org_netbeans_lib_profiler_server_system_GC_getGCStartFinishTimes 00000001800088b0     GC.obj
 0002:000018bc       $unwind$Java_org_netbeans_lib_profiler_server_system_Threads_getAllThreads 00000001800088bc     Threads.obj
 0002:000018cc       $chain$0$Java_org_netbeans_lib_profiler_server_system_Threads_getAllThreads 00000001800088cc     Threads.obj
 0002:000018e0       $chain$1$Java_org_netbeans_lib_profiler_server_system_Threads_getAllThreads 00000001800088e0     Threads.obj
 0002:000018f4       $chain$2$Java_org_netbeans_lib_profiler_server_system_Threads_getAllThreads 00000001800088f4     Threads.obj
 0002:00001904       $chain$3$Java_org_netbeans_lib_profiler_server_system_Threads_getAllThreads 0000000180008904     Threads.obj
 0002:00001914       $unwind$Java_org_netbeans_lib_profiler_server_system_Threads_getThreadsStatus 0000000180008914     Threads.obj
 0002:0000192c       $chain$0$Java_org_netbeans_lib_profiler_server_system_Threads_getThreadsStatus 000000018000892c     Threads.obj
 0002:00001940       $chain$1$Java_org_netbeans_lib_profiler_server_system_Threads_getThreadsStatus 0000000180008940     Threads.obj
 0002:00001950       $unwind$Java_org_netbeans_lib_profiler_server_system_Threads_recordProfilerOwnThreads 0000000180008950     Threads.obj
 0002:00001964       $chain$0$Java_org_netbeans_lib_profiler_server_system_Threads_recordProfilerOwnThreads 0000000180008964     Threads.obj
 0002:00001978       $chain$1$Java_org_netbeans_lib_profiler_server_system_Threads_recordProfilerOwnThreads 0000000180008978     Threads.obj
 0002:00001988       $unwind$Java_org_netbeans_lib_profiler_server_system_Threads_resumeTargetAppThreads 0000000180008988     Threads.obj
 0002:00001988       $unwind$Java_org_netbeans_lib_profiler_server_system_Threads_suspendTargetAppThreads 0000000180008988     Threads.obj
 0002:00001994       $chain$3$Java_org_netbeans_lib_profiler_server_system_Threads_resumeTargetAppThreads 0000000180008994     Threads.obj
 0002:000019b4       $chain$4$Java_org_netbeans_lib_profiler_server_system_Threads_resumeTargetAppThreads 00000001800089b4     Threads.obj
 0002:000019c4       $chain$3$Java_org_netbeans_lib_profiler_server_system_Threads_suspendTargetAppThreads 00000001800089c4     Threads.obj
 0002:000019e4       $chain$4$Java_org_netbeans_lib_profiler_server_system_Threads_suspendTargetAppThreads 00000001800089e4     Threads.obj
 0002:000019f4       $unwind$Java_org_netbeans_lib_profiler_server_system_Threads_targetAppThreadsExist 00000001800089f4     Threads.obj
 0002:00001a00       $chain$3$Java_org_netbeans_lib_profiler_server_system_Threads_targetAppThreadsExist 0000000180008a00     Threads.obj
 0002:00001a20       $chain$4$Java_org_netbeans_lib_profiler_server_system_Threads_targetAppThreadsExist 0000000180008a20     Threads.obj
 0002:00001a30       $unwind$Java_org_netbeans_lib_profiler_server_system_Threads_terminateTargetAppThreads 0000000180008a30     Threads.obj
 0002:00001a38       $chain$1$Java_org_netbeans_lib_profiler_server_system_Threads_terminateTargetAppThreads 0000000180008a38     Threads.obj
 0002:00001a50       $chain$5$Java_org_netbeans_lib_profiler_server_system_Threads_terminateTargetAppThreads 0000000180008a50     Threads.obj
 0002:00001a70       $chain$6$Java_org_netbeans_lib_profiler_server_system_Threads_terminateTargetAppThreads 0000000180008a70     Threads.obj
 0002:00001a80       $chain$7$Java_org_netbeans_lib_profiler_server_system_Threads_terminateTargetAppThreads 0000000180008a80     Threads.obj
 0002:00001a90       $unwind$Java_org_netbeans_lib_profiler_server_system_Stacks_getCurrentStackFrameIds 0000000180008a90     Stacks.obj
 0002:00001aa0       $chain$6$Java_org_netbeans_lib_profiler_server_system_Stacks_getCurrentStackFrameIds 0000000180008aa0     Stacks.obj
 0002:00001ac4       $chain$7$Java_org_netbeans_lib_profiler_server_system_Stacks_getCurrentStackFrameIds 0000000180008ac4     Stacks.obj
 0002:00001ad4       $unwind$Java_org_netbeans_lib_profiler_server_system_Stacks_getMethodNamesForJMethodIds 0000000180008ad4     Stacks.obj
 0002:00001ae8       $chain$0$Java_org_netbeans_lib_profiler_server_system_Stacks_getMethodNamesForJMethodIds 0000000180008ae8     Stacks.obj
 0002:00001afc       $chain$1$Java_org_netbeans_lib_profiler_server_system_Stacks_getMethodNamesForJMethodIds 0000000180008afc     Stacks.obj
 0002:00001b0c       $unwind$Java_org_netbeans_lib_profiler_server_system_Stacks_getAllStackTraces 0000000180008b0c     Stacks.obj
 0002:00001b18       $chain$1$Java_org_netbeans_lib_profiler_server_system_Stacks_getAllStackTraces 0000000180008b18     Stacks.obj
 0002:00001b30       $chain$4$Java_org_netbeans_lib_profiler_server_system_Stacks_getAllStackTraces 0000000180008b30     Stacks.obj
 0002:00001b4c       $chain$5$Java_org_netbeans_lib_profiler_server_system_Stacks_getAllStackTraces 0000000180008b4c     Stacks.obj
 0002:00001b5c       $chain$6$Java_org_netbeans_lib_profiler_server_system_Stacks_getAllStackTraces 0000000180008b5c     Stacks.obj
 0002:00001b6c       $unwind$initializeJVMTI    0000000180008b6c     common_functions.obj
 0002:00001b7c       $unwind$__GSHandlerCheckCommon 0000000180008b7c     MSVCRT:gshandler.obj
 0002:00001b88       $xdatasym                  0000000180008b88     MSVCRT:amdsecgs.obj
 0002:00001b8c       $unwind$?dllmain_crt_process_attach@@YAHQEAUHINSTANCE__@@QEAX@Z 0000000180008b8c     MSVCRT:dll_dllmain.obj
 0002:00001bc8       $unwind$?fin$0@?0??dllmain_crt_process_attach@@YAHQEAUHINSTANCE__@@QEAX@Z@4HA 0000000180008bc8     MSVCRT:dll_dllmain.obj
 0002:00001bc8       $unwind$?fin$0@?0??dllmain_crt_process_detach@@YAH_N@Z@4HA 0000000180008bc8     MSVCRT:dll_dllmain.obj
 0002:00001bc8       $unwind$?fin$1@?0??dllmain_crt_process_detach@@YAH_N@Z@4HA 0000000180008bc8     MSVCRT:dll_dllmain.obj
 0002:00001bd0       $unwind$?dllmain_crt_process_detach@@YAH_N@Z 0000000180008bd0     MSVCRT:dll_dllmain.obj
 0002:00001c24       $unwind$?dllmain_dispatch@@YAHQEAUHINSTANCE__@@KQEAX@Z 0000000180008c24     MSVCRT:dll_dllmain.obj
 0002:00001c4c       $unwind$?filt$0@?0??dllmain_dispatch@@YAHQEAUHINSTANCE__@@KQEAX@Z@4HA 0000000180008c4c     MSVCRT:dll_dllmain.obj
 0002:00001c54       $unwind$__report_gsfailure 0000000180008c54     MSVCRT:gs_report.obj
 0002:00001c5c       $unwind$capture_previous_context 0000000180008c5c     MSVCRT:gs_report.obj
 0002:00001c68       $unwind$__security_init_cookie 0000000180008c68     MSVCRT:gs_support.obj
 0002:00001c74       $unwind$__scrt_is_nonwritable_in_current_image 0000000180008c74     MSVCRT:utility.obj
 0002:00001c94       $unwind$__scrt_is_nonwritable_in_current_image$filt$0 0000000180008c94     MSVCRT:utility.obj
 0002:00001c9c       $unwind$__scrt_fastfail    0000000180008c9c     MSVCRT:utility_desktop.obj
 0002:00001cac       $unwind$__isa_available_init 0000000180008cac     MSVCRT:cpu_disp.obj
 0002:00001cc0       $xdatasym                  0000000180008cc0     MSVCRT:guard_dispatch.obj
 0002:00001cc8       $xdatasym                  0000000180008cc8     MSVCRT:guard_xfg_dispatch.obj
 0002:00001cd0       .edata                     0000000180008cd0     profilerinterface.exp
 0002:00001cf8       rgpv                       0000000180008cf8     profilerinterface.exp
 0002:00001da8       rgszName                   0000000180008da8     profilerinterface.exp
 0002:00001e58       rgwOrd                     0000000180008e58     profilerinterface.exp
 0002:00001eb0       szName                     0000000180008eb0     profilerinterface.exp
 0002:00001ec6       $N00001                    0000000180008ec6     profilerinterface.exp
 0002:00001ed3       $N00002                    0000000180008ed3     profilerinterface.exp
 0002:00001ede       $N00003                    0000000180008ede     profilerinterface.exp
 0002:00001f26       $N00004                    0000000180008f26     profilerinterface.exp
 0002:00001f70       $N00005                    0000000180008f70     profilerinterface.exp
 0002:00001fb7       $N00006                    0000000180008fb7     profilerinterface.exp
 0002:00002000       $N00007                    0000000180009000     profilerinterface.exp
 0002:00002049       $N00008                    0000000180009049     profilerinterface.exp
 0002:00002096       $N00009                    0000000180009096     profilerinterface.exp
 0002:000020d9       $N00010                    00000001800090d9     profilerinterface.exp
 0002:0000212e       $N00011                    000000018000912e     profilerinterface.exp
 0002:00002186       $N00012                    0000000180009186     profilerinterface.exp
 0002:000021d2       $N00013                    00000001800091d2     profilerinterface.exp
 0002:0000221f       $N00014                    000000018000921f     profilerinterface.exp
 0002:0000226c       $N00015                    000000018000926c     profilerinterface.exp
 0002:000022b8       $N00016                    00000001800092b8     profilerinterface.exp
 0002:000022ff       $N00017                    00000001800092ff     profilerinterface.exp
 0002:00002341       $N00018                    0000000180009341     profilerinterface.exp
 0002:0000238a       $N00019                    000000018000938a     profilerinterface.exp
 0002:000023d0       $N00020                    00000001800093d0     profilerinterface.exp
 0002:00002410       $N00021                    0000000180009410     profilerinterface.exp
 0002:00002454       $N00022                    0000000180009454     profilerinterface.exp
 0002:0000248a       $N00023                    000000018000948a     profilerinterface.exp
 0002:000024cd       $N00024                    00000001800094cd     profilerinterface.exp
 0002:00002518       $N00025                    0000000180009518     profilerinterface.exp
 0002:00002568       $N00026                    0000000180009568     profilerinterface.exp
 0002:000025b9       $N00027                    00000001800095b9     profilerinterface.exp
 0002:000025ff       $N00028                    00000001800095ff     profilerinterface.exp
 0002:0000264c       $N00029                    000000018000964c     profilerinterface.exp
 0002:00002698       $N00030                    0000000180009698     profilerinterface.exp
 0002:000026e8       $N00031                    00000001800096e8     profilerinterface.exp
 0002:0000272b       $N00032                    000000018000972b     profilerinterface.exp
 0002:00002770       $N00033                    0000000180009770     profilerinterface.exp
 0002:000027b4       $N00034                    00000001800097b4     profilerinterface.exp
 0002:000027fa       $N00035                    00000001800097fa     profilerinterface.exp
 0002:00002847       $N00036                    0000000180009847     profilerinterface.exp
 0002:0000289e       $N00037                    000000018000989e     profilerinterface.exp
 0002:000028ec       $N00038                    00000001800098ec     profilerinterface.exp
 0002:00002938       $N00039                    0000000180009938     profilerinterface.exp
 0002:00002985       $N00040                    0000000180009985     profilerinterface.exp
 0002:000029d0       $N00041                    00000001800099d0     profilerinterface.exp
 0002:00002a1f       $N00042                    0000000180009a1f     profilerinterface.exp
 0002:00002a6e       $N00043                    0000000180009a6e     profilerinterface.exp
 0002:00002aba       $N00044                    0000000180009aba     profilerinterface.exp
 0002:00002e9c       .idata$6                   0000000180009e9c     kernel32:KERNEL32.dll
 0002:00002f00       .idata$6                   0000000180009f00     vcruntime:VCRUNTIME140.dll
 0002:00003030       .idata$6                   000000018000a030     ucrt:api-ms-win-crt-stdio-l1-1-0.dll
 0002:00003050       .idata$6                   000000018000a050     ucrt:api-ms-win-crt-heap-l1-1-0.dll
 0002:00003070       .idata$6                   000000018000a070     ucrt:api-ms-win-crt-string-l1-1-0.dll
 0002:00003092       .idata$6                   000000018000a092     ucrt:api-ms-win-crt-convert-l1-1-0.dll
 0002:000030b4       .idata$6                   000000018000a0b4     ucrt:api-ms-win-crt-runtime-l1-1-0.dll
 0003:00000000       _ctable_threshold          000000018000b000     class_file_cache.obj
 0003:00000004       BOGUS_CLASSFILE            000000018000b004     class_file_cache.obj
 0003:0000000c       JF_THREAD_STATE_MASK       000000018000b00c     Threads.obj
 0003:00000010       JF_THREAD_STATE_TERMINATED 000000018000b010     Threads.obj
 0003:00000014       JF_THREAD_STATE_RUNNABLE   000000018000b014     Threads.obj
 0003:00000018       JF_THREAD_STATE_BLOCKED    000000018000b018     Threads.obj
 0003:0000001c       JF_THREAD_STATE_WAITING    000000018000b01c     Threads.obj
 0003:00000020       JF_THREAD_STATE_TIMED_WAITING 000000018000b020     Threads.obj
 0003:00000024       JF_THREAD_STATE_SLEEPING   000000018000b024     Threads.obj
 0003:00000028       JF_THREAD_STATE_TIMED_PARKED 000000018000b028     Threads.obj
 0003:0000002c       JF_THREAD_STATE_PARKED     000000018000b02c     Threads.obj
 0003:00000080       _ctable_classnames         000000018000b080     class_file_cache.obj
 0003:00000088       _ctable_loaders            000000018000b088     class_file_cache.obj
 0003:00000090       _ctable_classdata          000000018000b090     class_file_cache.obj
 0003:00000098       _ctable_classdata_lens     000000018000b098     class_file_cache.obj
 0003:000000a0       _ctable_size               000000018000b0a0     class_file_cache.obj
 0003:000000a4       _ctable_elements           000000018000b0a4     class_file_cache.obj
 0003:000000a8       _total_cached_class_count  000000018000b0a8     class_file_cache.obj
 0003:000000ac       waitTrackingEnabled        000000018000b0ac     class_file_cache.obj
 0003:000000ad       sleepTrackingEnabled       000000018000b0ad     class_file_cache.obj
 0003:000000ae       parkTrackingEnabled        000000018000b0ae     class_file_cache.obj
 0003:000000af       lockContentionMonitoringEnabled 000000018000b0af     class_file_cache.obj
 0003:000000b0       _ctable_lock               000000018000b0b0     class_file_cache.obj
 0003:000000b8       trackingMethodsInitialized 000000018000b0b8     class_file_cache.obj
 0003:000000b9       retransformIsRunning       000000018000b0b9     class_file_cache.obj
 0003:000000c0       waitAddress                000000018000b0c0     class_file_cache.obj
 0003:000000c8       sleepAddress               000000018000b0c8     class_file_cache.obj
 0003:000000d0       parkAddress                000000018000b0d0     class_file_cache.obj
 0003:000000d8       profilerRuntimeID          000000018000b0d8     class_file_cache.obj
 0003:000000e0       waitEntryID                000000018000b0e0     class_file_cache.obj
 0003:000000e8       waitExitID                 000000018000b0e8     class_file_cache.obj
 0003:000000f0       monitorEntryID             000000018000b0f0     class_file_cache.obj
 0003:000000f8       monitorExitID              000000018000b0f8     class_file_cache.obj
 0003:00000100       sleepEntryID               000000018000b100     class_file_cache.obj
 0003:00000108       sleepExitID                000000018000b108     class_file_cache.obj
 0003:00000110       parkEntryID                000000018000b110     class_file_cache.obj
 0003:00000118       parkExitID                 000000018000b118     class_file_cache.obj
 0003:00000120       traceVMObjectAllocID       000000018000b120     class_file_cache.obj
 0003:00000128       _jfluid_dir                000000018000b128     attach.obj
 0003:00000130       _port_no                   000000018000b130     attach.obj
 0003:00000134       _time_out                  000000018000b134     attach.obj
 0003:00000138       profilerInterfaceClazz     000000018000b138     Classes.obj
 0003:00000140       classLoadHookMethod        000000018000b140     Classes.obj
 0003:00000148       ?nativeMethodBindDisabled@?1??Java_org_netbeans_lib_profiler_server_system_Classes_doRedefineClasses@@9@9 000000018000b148     Classes.obj
 0003:00000150       gc_epoch_counter           000000018000b150     GC.obj
 0003:00000154       start_index                000000018000b154     GC.obj
 0003:00000158       end_index                  000000018000b158     GC.obj
 0003:00000160       gc_start_timestamp         000000018000b160     GC.obj
 0003:00000168       gc_finish_timestamp        000000018000b168     GC.obj
 0003:00000170       run_times                  000000018000b170     GC.obj
 0003:00000178       gc_times                   000000018000b178     GC.obj
 0003:00000180       start_times                000000018000b180     GC.obj
 0003:00000188       finish_times               000000018000b188     GC.obj
 0003:00000190       JF_THREAD_STATE_NEW        000000018000b190     Threads.obj
 0003:00000194       nProfThreads               000000018000b194     Threads.obj
 0003:00000198       profThreads                000000018000b198     Threads.obj
 0003:000001a0       mainThread                 000000018000b1a0     Threads.obj
 0003:000001a8       singleProfThread           000000018000b1a8     Threads.obj
 0003:000001b0       additionalProfThread       000000018000b1b0     Threads.obj
 0003:000001b8       threadType                 000000018000b1b8     Threads.obj
 0003:000001c8       _stack_frames_buffer       000000018000b1c8     Stacks.obj
 0003:000001d0       _stack_id_buffer           000000018000b1d0     Stacks.obj
 0003:000001d8       threadType                 000000018000b1d8     Stacks.obj
 0003:000001e0       intArrType                 000000018000b1e0     Stacks.obj
 0003:000001e8       ids                        000000018000b1e8     Stacks.obj
 0003:000001f0       ids_size                   000000018000b1f0     Stacks.obj
 0003:000001f4       entries_size               000000018000b1f4     Stacks.obj
 0003:000001f8       id_count                   000000018000b1f8     Stacks.obj
 0003:000001fc       resize_threshold           000000018000b1fc     Stacks.obj
 0003:00000200       byteData                   000000018000b200     Stacks.obj
 0003:00000208       strOffsets                 000000018000b208     Stacks.obj
 0003:00000210       byteDataLen                000000018000b210     Stacks.obj
 0003:00000214       dataOfs                    000000018000b214     Stacks.obj
 0003:00000218       ofsIdx                     000000018000b218     Stacks.obj
 0003:00000220       _nano_time                 000000018000b220     common_functions.obj
 0003:00000230       _jvmti_callbacks_static    000000018000b230     common_functions.obj
 0003:00000348       ?__proc_attached@@3HA      000000018000b348     MSVCRT:dll_dllmain.obj
 0003:00000350       GS_ExceptionRecord         000000018000b350     MSVCRT:gs_report.obj
 0003:000003f0       GS_ContextRecord           000000018000b3f0     MSVCRT:gs_report.obj
 0003:000008e8       ?is_initialized_as_dll@@3_NA 000000018000b8e8     MSVCRT:utility.obj
 0003:000008e9       ?module_local_atexit_table_initialized@@3_NA 000000018000b8e9     MSVCRT:utility.obj
 0003:000008f0       ?module_local_atexit_table@@3U_onexit_table_t@@A 000000018000b8f0     MSVCRT:utility.obj
 0003:00000908       ?module_local_at_quick_exit_table@@3U_onexit_table_t@@A 000000018000b908     MSVCRT:utility.obj
 0005:00000060       $R000000                   000000018000d060     version.res
