 profilerinterface

 Timestamp is 60661047 (Thu Apr  1 18:26:15 2021)

 Preferred load address is 10000000

 Start         Length     Name                   Class
 0001:00000000 000043e1H .text$mn                CODE
 0002:00000000 000000acH .idata$5                DATA
 0002:000000ac 00000004H .00cfg                  DATA
 0002:000000b0 00000004H .CRT$XCA                DATA
 0002:000000b4 00000004H .CRT$XCZ                DATA
 0002:000000b8 00000004H .CRT$XIA                DATA
 0002:000000bc 00000004H .CRT$XIZ                DATA
 0002:000000c0 00000004H .CRT$XPA                DATA
 0002:000000c4 00000004H .CRT$XPZ                DATA
 0002:000000c8 00000004H .CRT$XTA                DATA
 0002:000000cc 00000004H .CRT$XTZ                DATA
 0002:000000d0 00000000H .gfids$y                DATA
 0002:000000d0 00000ff0H .rdata                  DATA
 0002:000010c0 00000000H .rdata$CastGuardVftablesA DATA
 0002:000010c0 00000000H .rdata$CastGuardVftablesC DATA
 0002:000010c0 00000004H .rdata$sxdata           DATA
 0002:000010c4 00000228H .rdata$zzzdbg           DATA
 0002:000012ec 00000004H .rtc$IAA                DATA
 0002:000012f0 00000004H .rtc$IZZ                DATA
 0002:000012f4 00000004H .rtc$TAA                DATA
 0002:000012f8 00000008H .rtc$TZZ                DATA
 0002:00001300 00000090H .xdata$x                DATA
 0002:00001390 00000ec8H .edata                  DATA
 0002:00002258 0000008cH .idata$2                DATA
 0002:000022e4 00000014H .idata$3                DATA
 0002:000022f8 000000acH .idata$4                DATA
 0002:000023a4 0000037cH .idata$6                DATA
 0003:00000000 00000058H .data                   DATA
 0003:00000058 000004fcH .bss                    DATA
 0004:00000000 00000060H .rsrc$01                DATA
 0004:00000060 00000388H .rsrc$02                DATA

  Address         Publics by Value              Rva+Base       Lib:Object

 0000:00000000       ___hybrid_auxiliary_iat_copy 00000000     <absolute>
 0000:00000000       ___x64_code_ranges_to_entry_points 00000000     <absolute>
 0000:00000000       ___hybrid_code_map_count   00000000     <absolute>
 0000:00000000       ___guard_eh_cont_count     00000000     <absolute>
 0000:00000000       ___arm64x_redirection_metadata 00000000     <absolute>
 0000:00000000       ___arm64x_extra_rfe_table  00000000     <absolute>
 0000:00000000       ___volatile_metadata       00000000     <absolute>
 0000:00000000       ___guard_longjmp_table     00000000     <absolute>
 0000:00000000       ___hybrid_code_map         00000000     <absolute>
 0000:00000000       ___arm64x_native_entrypoint 00000000     <absolute>
 0000:00000000       ___arm64x_redirection_metadata_count 00000000     <absolute>
 0000:00000000       ___arm64x_extra_rfe_table_size 00000000     <absolute>
 0000:00000000       ___guard_check_icall_a64n_fptr 00000000     <absolute>
 0000:00000000       ___guard_fids_count        00000000     <absolute>
 0000:00000000       ___guard_eh_cont_table     00000000     <absolute>
 0000:00000000       ___guard_longjmp_count     00000000     <absolute>
 0000:00000000       ___guard_iat_count         00000000     <absolute>
 0000:00000000       ___x64_code_ranges_to_entry_points_count 00000000     <absolute>
 0000:00000000       ___guard_iat_table         00000000     <absolute>
 0000:00000000       ___enclave_config          00000000     <absolute>
 0000:00000000       ___hybrid_auxiliary_iat    00000000     <absolute>
 0000:00000000       ___dynamic_value_reloc_table 00000000     <absolute>
 0000:00000000       ___AbsoluteZero            00000000     <absolute>
 0000:00000000       ___guard_fids_table        00000000     <absolute>
 0000:00000001       ___safe_se_handler_count   00000001     <absolute>
 0000:00000100       ___guard_flags             00000100     <absolute>
 0000:00000000       ___ImageBase               10000000     <linker-defined>
 0001:00000000       _Java_org_netbeans_lib_profiler_server_system_Classes_setLockContentionMonitoringEnabled@12 10001000 f   class_file_cache.obj
 0001:00000010       _Java_org_netbeans_lib_profiler_server_system_Classes_setParkTrackingEnabled@12 10001010 f   class_file_cache.obj
 0001:00000060       _Java_org_netbeans_lib_profiler_server_system_Classes_setSleepTrackingEnabled@12 10001060 f   class_file_cache.obj
 0001:000000b0       _Java_org_netbeans_lib_profiler_server_system_Classes_setVMObjectAllocEnabled@12 100010b0 f   class_file_cache.obj
 0001:000000e0       _Java_org_netbeans_lib_profiler_server_system_Classes_setWaitTrackingEnabled@12 100010e0 f   class_file_cache.obj
 0001:00000140       ___local_stdio_printf_options 10001140 f i class_file_cache.obj
 0001:00000150       _cache_loaded_classes      10001150 f   class_file_cache.obj
 0001:000001a0       _class_file_load_hook@40   100011a0 f   class_file_cache.obj
 0001:000002c0       _fprintf                   100012c0 f i class_file_cache.obj
 0001:000002f0       _get_saved_class_file_bytes 100012f0 f   class_file_cache.obj
 0001:00000820       _monitor_contended_enter_hook@16 10001820 f   class_file_cache.obj
 0001:000008c0       _monitor_contended_entered_hook@16 100018c0 f   class_file_cache.obj
 0001:00000920       _native_method_bind_hook@24 10001920 f   class_file_cache.obj
 0001:00000d00       _parkInterceptor@20        10001d00 f   class_file_cache.obj
 0001:000010f0       _sleepInterceptor@16       100020f0 f   class_file_cache.obj
 0001:00001190       _try_removing_bytes_for_unloaded_classes 10002190 f   class_file_cache.obj
 0001:00001190       @_guard_check_icall_nop@4  10002190 f   MSVCRT:guard_support.obj
 0001:000011a0       _vm_object_alloc@28        100021a0 f   class_file_cache.obj
 0001:00001210       _waitInterceptor@16        10002210 f   class_file_cache.obj
 0001:000012b0       _parse_options_and_extract_params 100022b0 f   attach.obj
 0001:00001400       _vm_init_hook@12           10002400 f   attach.obj
 0001:00001540       _Java_org_netbeans_lib_profiler_server_system_Classes_cacheLoadedClasses@16 10002540 f   Classes.obj
 0001:000015a0       _Java_org_netbeans_lib_profiler_server_system_Classes_disableClassLoadHook@8 100025a0 f   Classes.obj
 0001:000015c0       _Java_org_netbeans_lib_profiler_server_system_Classes_doRedefineClasses@16 100025c0 f   Classes.obj
 0001:000017c0       _Java_org_netbeans_lib_profiler_server_system_Classes_enableClassLoadHook@8 100027c0 f   Classes.obj
 0001:00001850       _Java_org_netbeans_lib_profiler_server_system_Classes_getAllLoadedClasses@8 10002850 f   Classes.obj
 0001:00001960       _Java_org_netbeans_lib_profiler_server_system_Classes_getCachedClassFileBytes@12 10002960 f   Classes.obj
 0001:00001a50       _Java_org_netbeans_lib_profiler_server_system_Classes_getObjectSize@12 10002a50 f   Classes.obj
 0001:00001a80       _Java_org_netbeans_lib_profiler_server_system_Classes_notifyAboutClassLoaderUnloading@8 10002a80 f   Classes.obj
 0001:00001a90       _register_class_prepare@16 10002a90 f   Classes.obj
 0001:00001ad0       _Java_org_netbeans_lib_profiler_server_system_HeapDump_initialize15@8 10002ad0 f   HeapDump.obj
 0001:00001b20       _Java_org_netbeans_lib_profiler_server_system_HeapDump_takeHeapDump15Native@12 10002b20 f   HeapDump.obj
 0001:00001b80       _Java_org_netbeans_lib_profiler_server_system_Timers_enableMicrostateAccounting@12 10002b80 f   Timers.obj
 0001:00001b80       _Java_org_netbeans_lib_profiler_server_system_Timers_osSleep@12 10002b80 f   Timers.obj
 0001:00001b90       _Java_org_netbeans_lib_profiler_server_system_Timers_getThreadCPUTimeInNanos@8 10002b90 f   Timers.obj
 0001:00001be0       _Java_org_netbeans_lib_profiler_server_system_GC_activateGCEpochCounter@12 10002be0 f   GC.obj
 0001:00001ca0       _Java_org_netbeans_lib_profiler_server_system_GC_getCurrentGCEpoch@8 10002ca0 f   GC.obj
 0001:00001cb0       _Java_org_netbeans_lib_profiler_server_system_GC_getGCRelativeTimeMetrics@12 10002cb0 f   GC.obj
 0001:00001e20       _Java_org_netbeans_lib_profiler_server_system_GC_getGCStartFinishTimes@16 10002e20 f   GC.obj
 0001:00001e60       _Java_org_netbeans_lib_profiler_server_system_GC_objectsAdjacent@16 10002e60 f   GC.obj
 0001:00001e90       _Java_org_netbeans_lib_profiler_server_system_GC_resetGCEpochCounter@8 10002e90 f   GC.obj
 0001:00001ea0       _Java_org_netbeans_lib_profiler_server_system_GC_runGC@8 10002ea0 f   GC.obj
 0001:00001ec0       _register_gc_finish@4      10002ec0 f   GC.obj
 0001:00001f40       _register_gc_start@4       10002f40 f   GC.obj
 0001:00001fb0       _Java_org_netbeans_lib_profiler_server_system_Threads_getAllThreads@12 10002fb0 f   Threads.obj
 0001:000020b0       _Java_org_netbeans_lib_profiler_server_system_Threads_getJavaCommand@8 100030b0 f   Threads.obj
 0001:000020b0       _Java_org_netbeans_lib_profiler_server_system_Threads_getJVMArguments@8 100030b0 f   Threads.obj
 0001:000020d0       _Java_org_netbeans_lib_profiler_server_system_Threads_getThreadsStatus@16 100030d0 f   Threads.obj
 0001:00002200       _Java_org_netbeans_lib_profiler_server_system_Threads_getTotalNumberOfThreads@8 10003200 f   Threads.obj
 0001:00002250       _Java_org_netbeans_lib_profiler_server_system_Threads_recordAdditionalProfilerOwnThread@12 10003250 f   Threads.obj
 0001:00002280       _Java_org_netbeans_lib_profiler_server_system_Threads_recordProfilerOwnThreads@16 10003280 f   Threads.obj
 0001:00002400       _Java_org_netbeans_lib_profiler_server_system_Threads_resumeTargetAppThreads@12 10003400 f   Threads.obj
 0001:00002500       _Java_org_netbeans_lib_profiler_server_system_Threads_suspendTargetAppThreads@12 10003500 f   Threads.obj
 0001:00002600       _Java_org_netbeans_lib_profiler_server_system_Threads_targetAppThreadsExist@8 10003600 f   Threads.obj
 0001:000026f0       _Java_org_netbeans_lib_profiler_server_system_Threads_terminateTargetAppThreads@12 100036f0 f   Threads.obj
 0001:000027f0       _convert_JVMTI_thread_status_to_jfluid_status 100037f0 f   Threads.obj
 0001:00002870       _Java_org_netbeans_lib_profiler_server_system_Stacks_clearNativeStackFrameBuffer@8 10003870 f   Stacks.obj
 0001:000028b0       _Java_org_netbeans_lib_profiler_server_system_Stacks_createNativeStackFrameBuffer@12 100038b0 f   Stacks.obj
 0001:00002910       _Java_org_netbeans_lib_profiler_server_system_Stacks_getAllStackTraces@20 10003910 f   Stacks.obj
 0001:00002b40       _Java_org_netbeans_lib_profiler_server_system_Stacks_getCurrentJavaStackDepth@12 10003b40 f   Stacks.obj
 0001:00002b60       _Java_org_netbeans_lib_profiler_server_system_Stacks_getCurrentStackFrameIds@20 10003b60 f   Stacks.obj
 0001:00002bf0       _Java_org_netbeans_lib_profiler_server_system_Stacks_getMethodNamesForJMethodIds@20 10003bf0 f   Stacks.obj
 0001:00003220       _Agent_OnLoad@12           10004220 f   common_functions.obj
 0001:00003360       _JNI_OnLoad@8              10004360 f   common_functions.obj
 0001:000033b0       _get_nano_time             100043b0 f   common_functions.obj
 0001:00003530       __alldiv                   10004530 f   MSVCRT:lldiv.obj
 0001:000035e0       __allmul                   100045e0 f   MSVCRT:llmul.obj
 0001:00003620       __ftol3                    10004620 f   MSVCRT:ftol3.obj
 0001:00003690       __ltod3                    10004690 f   MSVCRT:ftol3.obj
 0001:000036d1       @__security_check_cookie@4 100046d1 f   MSVCRT:secchk.obj
 0001:00003a22       __DllMainCRTStartup@12     10004a22 f   MSVCRT:dll_dllmain.obj
 0001:00003a45       ___isa_available_init      10004a45 f   MSVCRT:cpu_disp.obj
 0001:00003c16       ___raise_securityfailure   10004c16 f   MSVCRT:gs_report.obj
 0001:00003c3e       ___report_gsfailure        10004c3e f   MSVCRT:gs_report.obj
 0001:00003d85       ___security_init_cookie    10004d85 f   MSVCRT:gs_support.obj
 0001:00003dd0       _DllMain@12                10004dd0 f   MSVCRT:dll_dllmain_stub.obj
 0001:00003df2       ?__scrt_initialize_type_info@@YAXXZ 10004df2 f   MSVCRT:tncleanup.obj
 0001:00003dfe       ?__scrt_uninitialize_type_info@@YAXXZ 10004dfe f   MSVCRT:tncleanup.obj
 0001:00003e0a       ___local_stdio_scanf_options 10004e0a f i MSVCRT:default_local_stdio_options.obj
 0001:00003e10       ___scrt_initialize_default_local_stdio_options 10004e10 f   MSVCRT:default_local_stdio_options.obj
 0001:00003e71       ___scrt_acquire_startup_lock 10004e71 f   MSVCRT:utility.obj
 0001:00003ea3       ___scrt_dllmain_after_initialize_c 10004ea3 f   MSVCRT:utility.obj
 0001:00003ece       ___scrt_dllmain_before_initialize_c 10004ece f   MSVCRT:utility.obj
 0001:00003edc       ___scrt_dllmain_crt_thread_attach 10004edc f   MSVCRT:utility.obj
 0001:00003efb       ___scrt_dllmain_crt_thread_detach 10004efb f   MSVCRT:utility.obj
 0001:00003f08       ___scrt_dllmain_exception_filter 10004f08 f   MSVCRT:utility.obj
 0001:00003f3c       ___scrt_dllmain_uninitialize_c 10004f3c f   MSVCRT:utility.obj
 0001:00003f5f       ___scrt_dllmain_uninitialize_critical 10004f5f f   MSVCRT:utility.obj
 0001:00003f6c       ___scrt_initialize_crt     10004f6c f   MSVCRT:utility.obj
 0001:00003fa5       ___scrt_initialize_onexit_tables 10004fa5 f   MSVCRT:utility.obj
 0001:0000402c       ___scrt_is_nonwritable_in_current_image 1000502c f   MSVCRT:utility.obj
 0001:000040c0       ___scrt_release_startup_lock 100050c0 f   MSVCRT:utility.obj
 0001:000040dd       ___scrt_uninitialize_crt   100050dd f   MSVCRT:utility.obj
 0001:00004105       ___scrt_get_dyn_tls_init_callback 10005105 f   MSVCRT:dyn_tls_init.obj
 0001:0000410b       ___scrt_fastfail           1000510b f   MSVCRT:utility_desktop.obj
 0001:00004226       __crt_debugger_hook        10005226 f   MSVCRT:utility_desktop.obj
 0001:0000422e       __RTC_Initialize           1000522e f   MSVCRT:initsect.obj
 0001:0000425a       __RTC_Terminate            1000525a f   MSVCRT:initsect.obj
 0001:00004290       __SEH_prolog4              10005290 f   MSVCRT:sehprolg4.obj
 0001:000042d6       __except_handler4          100052d6 f   MSVCRT:chandler4gs.obj
 0001:00004305       __get_startup_argv_mode    10005305 f   MSVCRT:argv_mode.obj
 0001:00004309       ___scrt_is_ucrt_dll_in_use 10005309 f   MSVCRT:ucrt_detection.obj
 0001:00004315       _memcpy                    10005315 f   vcruntime:VCRUNTIME140.dll
 0001:0000431b       _memmove                   1000531b f   vcruntime:VCRUNTIME140.dll
 0001:00004321       _memset                    10005321 f   vcruntime:VCRUNTIME140.dll
 0001:00004327       ___std_type_info_destroy_list 10005327 f   vcruntime:VCRUNTIME140.dll
 0001:0000432d       __except_handler4_common   1000532d f   vcruntime:VCRUNTIME140.dll
 0001:00004333       __initterm                 10005333 f   ucrt:api-ms-win-crt-runtime-l1-1-0.dll
 0001:00004339       __initterm_e               10005339 f   ucrt:api-ms-win-crt-runtime-l1-1-0.dll
 0001:0000433f       __seh_filter_dll           1000533f f   ucrt:api-ms-win-crt-runtime-l1-1-0.dll
 0001:00004345       __configure_narrow_argv    10005345 f   ucrt:api-ms-win-crt-runtime-l1-1-0.dll
 0001:0000434b       __initialize_narrow_environment 1000534b f   ucrt:api-ms-win-crt-runtime-l1-1-0.dll
 0001:00004351       __initialize_onexit_table  10005351 f   ucrt:api-ms-win-crt-runtime-l1-1-0.dll
 0001:00004357       __execute_onexit_table     10005357 f   ucrt:api-ms-win-crt-runtime-l1-1-0.dll
 0001:0000435d       __cexit                    1000535d f   ucrt:api-ms-win-crt-runtime-l1-1-0.dll
 0001:00004363       ___acrt_thread_detach      10005363 f   MSVCRT:ucrt_stubs.obj
 0001:00004363       ___vcrt_uninitialize_critical 10005363 f   MSVCRT:ucrt_stubs.obj
 0001:00004363       ___vcrt_thread_attach      10005363 f   MSVCRT:ucrt_stubs.obj
 0001:00004363       ___acrt_uninitialize_critical 10005363 f   MSVCRT:ucrt_stubs.obj
 0001:00004363       ___scrt_stub_for_acrt_uninitialize 10005363 f   MSVCRT:ucrt_stubs.obj
 0001:00004363       ___vcrt_thread_detach      10005363 f   MSVCRT:ucrt_stubs.obj
 0001:00004363       ___scrt_stub_for_acrt_uninitialize_critical 10005363 f   MSVCRT:ucrt_stubs.obj
 0001:00004363       ___vcrt_uninitialize       10005363 f   MSVCRT:ucrt_stubs.obj
 0001:00004363       ___scrt_stub_for_acrt_thread_attach 10005363 f   MSVCRT:ucrt_stubs.obj
 0001:00004363       ___acrt_thread_attach      10005363 f   MSVCRT:ucrt_stubs.obj
 0001:00004363       ___vcrt_initialize         10005363 f   MSVCRT:ucrt_stubs.obj
 0001:00004363       ___acrt_initialize         10005363 f   MSVCRT:ucrt_stubs.obj
 0001:00004363       ___scrt_stub_for_acrt_initialize 10005363 f   MSVCRT:ucrt_stubs.obj
 0001:00004363       ___scrt_stub_for_acrt_thread_detach 10005363 f   MSVCRT:ucrt_stubs.obj
 0001:00004363       ___acrt_uninitialize       10005363 f   MSVCRT:ucrt_stubs.obj
 0001:00004366       __is_c_termination_complete 10005366 f   MSVCRT:ucrt_stubs.obj
 0001:00004366       ___scrt_stub_for_is_c_termination_complete 10005366 f   MSVCRT:ucrt_stubs.obj
 0001:00004369       __filter_x86_sse2_floating_point_exception 10005369 f   MSVCRT:x86_exception_filter.obj
 0001:00004369       __filter_x86_sse2_floating_point_exception_default 10005369 f   MSVCRT:x86_exception_filter.obj
 0002:00000000       __imp__GetModuleHandleA@4  10006000     kernel32:KERNEL32.dll
 0002:00000004       __imp__GetProcAddress@8    10006004     kernel32:KERNEL32.dll
 0002:00000008       __imp__IsProcessorFeaturePresent@4 10006008     kernel32:KERNEL32.dll
 0002:0000000c       __imp__UnhandledExceptionFilter@4 1000600c     kernel32:KERNEL32.dll
 0002:00000010       __imp__SetUnhandledExceptionFilter@4 10006010     kernel32:KERNEL32.dll
 0002:00000014       __imp__GetCurrentProcess@0 10006014     kernel32:KERNEL32.dll
 0002:00000018       __imp__TerminateProcess@8  10006018     kernel32:KERNEL32.dll
 0002:0000001c       __imp__QueryPerformanceCounter@4 1000601c     kernel32:KERNEL32.dll
 0002:00000020       __imp__GetCurrentProcessId@0 10006020     kernel32:KERNEL32.dll
 0002:00000024       __imp__GetCurrentThreadId@0 10006024     kernel32:KERNEL32.dll
 0002:00000028       __imp__GetSystemTimeAsFileTime@4 10006028     kernel32:KERNEL32.dll
 0002:0000002c       __imp__DisableThreadLibraryCalls@4 1000602c     kernel32:KERNEL32.dll
 0002:00000030       __imp__InitializeSListHead@4 10006030     kernel32:KERNEL32.dll
 0002:00000034       __imp__IsDebuggerPresent@0 10006034     kernel32:KERNEL32.dll
 0002:00000038       \177KERNEL32_NULL_THUNK_DATA 10006038     kernel32:KERNEL32.dll
 0002:0000003c       __imp__memcpy              1000603c     vcruntime:VCRUNTIME140.dll
 0002:00000040       __imp__memmove             10006040     vcruntime:VCRUNTIME140.dll
 0002:00000044       __imp__memset              10006044     vcruntime:VCRUNTIME140.dll
 0002:00000048       __imp____std_type_info_destroy_list 10006048     vcruntime:VCRUNTIME140.dll
 0002:0000004c       __imp___except_handler4_common 1000604c     vcruntime:VCRUNTIME140.dll
 0002:00000050       \177VCRUNTIME140_NULL_THUNK_DATA 10006050     vcruntime:VCRUNTIME140.dll
 0002:00000054       __imp__atoi                10006054     ucrt:api-ms-win-crt-convert-l1-1-0.dll
 0002:00000058       __imp__strtol              10006058     ucrt:api-ms-win-crt-convert-l1-1-0.dll
 0002:0000005c       \177api-ms-win-crt-convert-l1-1-0_NULL_THUNK_DATA 1000605c     ucrt:api-ms-win-crt-convert-l1-1-0.dll
 0002:00000060       __imp__malloc              10006060     ucrt:api-ms-win-crt-heap-l1-1-0.dll
 0002:00000064       __imp__free                10006064     ucrt:api-ms-win-crt-heap-l1-1-0.dll
 0002:00000068       __imp__calloc              10006068     ucrt:api-ms-win-crt-heap-l1-1-0.dll
 0002:0000006c       \177api-ms-win-crt-heap-l1-1-0_NULL_THUNK_DATA 1000606c     ucrt:api-ms-win-crt-heap-l1-1-0.dll
 0002:00000070       __imp___cexit              10006070     ucrt:api-ms-win-crt-runtime-l1-1-0.dll
 0002:00000074       __imp___initterm           10006074     ucrt:api-ms-win-crt-runtime-l1-1-0.dll
 0002:00000078       __imp___initterm_e         10006078     ucrt:api-ms-win-crt-runtime-l1-1-0.dll
 0002:0000007c       __imp___seh_filter_dll     1000607c     ucrt:api-ms-win-crt-runtime-l1-1-0.dll
 0002:00000080       __imp___configure_narrow_argv 10006080     ucrt:api-ms-win-crt-runtime-l1-1-0.dll
 0002:00000084       __imp___initialize_narrow_environment 10006084     ucrt:api-ms-win-crt-runtime-l1-1-0.dll
 0002:00000088       __imp___initialize_onexit_table 10006088     ucrt:api-ms-win-crt-runtime-l1-1-0.dll
 0002:0000008c       __imp___execute_onexit_table 1000608c     ucrt:api-ms-win-crt-runtime-l1-1-0.dll
 0002:00000090       \177api-ms-win-crt-runtime-l1-1-0_NULL_THUNK_DATA 10006090     ucrt:api-ms-win-crt-runtime-l1-1-0.dll
 0002:00000094       __imp____acrt_iob_func     10006094     ucrt:api-ms-win-crt-stdio-l1-1-0.dll
 0002:00000098       __imp____stdio_common_vfprintf 10006098     ucrt:api-ms-win-crt-stdio-l1-1-0.dll
 0002:0000009c       \177api-ms-win-crt-stdio-l1-1-0_NULL_THUNK_DATA 1000609c     ucrt:api-ms-win-crt-stdio-l1-1-0.dll
 0002:000000a0       __imp__strncpy             100060a0     ucrt:api-ms-win-crt-string-l1-1-0.dll
 0002:000000a4       __imp__strpbrk             100060a4     ucrt:api-ms-win-crt-string-l1-1-0.dll
 0002:000000a8       \177api-ms-win-crt-string-l1-1-0_NULL_THUNK_DATA 100060a8     ucrt:api-ms-win-crt-string-l1-1-0.dll
 0002:000000ac       ___guard_check_icall_fptr  100060ac     MSVCRT:guard_support.obj
 0002:000000b0       ___xc_a                    100060b0     MSVCRT:initializers.obj
 0002:000000b4       ___xc_z                    100060b4     MSVCRT:initializers.obj
 0002:000000b8       ___xi_a                    100060b8     MSVCRT:initializers.obj
 0002:000000bc       ___xi_z                    100060bc     MSVCRT:initializers.obj
 0002:000000c0       ___xp_a                    100060c0     MSVCRT:initializers.obj
 0002:000000c4       ___xp_z                    100060c4     MSVCRT:initializers.obj
 0002:000000c8       ___xt_a                    100060c8     MSVCRT:initializers.obj
 0002:000000cc       ___xt_z                    100060cc     MSVCRT:initializers.obj
 0002:000000d0       ??_C@_0DL@MNDFADDJ@Profiler?5Agent?5Warning?3?5Retrans@ 100060d0     class_file_cache.obj
 0002:0000010c       ??_C@_0CF@EFCAGNHB@Profiler?5Agent?3?5250?5classes?5cac@ 1000610c     class_file_cache.obj
 0002:00000138       ??_C@_0EC@IOGMOHKP@Profiler?5Agent?5Warning?3?5JVMTI?5c@ 10006138     class_file_cache.obj
 0002:00000180       ??_C@_0EG@LDLIOLKM@org?1netbeans?1lib?1profiler?1serve@ 10006180     class_file_cache.obj
 0002:000001c8       ??_C@_0BB@DDFKOHA@java?1lang?1Object@ 100061c8     class_file_cache.obj
 0002:000001dc       ??_C@_0DB@HKNOPGEB@org?1netbeans?1lib?1profiler?1serve@ 100061dc     class_file_cache.obj
 0002:00000210       ??_C@_0HA@CLLPKHIN@Profiler?5Agent?5Warning?3?5Native?5@ 10006210     class_file_cache.obj
 0002:00000280       ??_C@_03GAEACAIP@?$CI?$CJV@ 10006280     class_file_cache.obj
 0002:00000284       ??_C@_09KADJMIJO@waitEntry@ 10006284     class_file_cache.obj
 0002:00000290       ??_C@_0EL@GJNJFMDH@Profiler?5Agent?5Warning?3?5Native?5@ 10006290     class_file_cache.obj
 0002:000002dc       ??_C@_08CNCFLAJO@waitExit@ 100062dc     class_file_cache.obj
 0002:000002e8       ??_C@_0EK@OLCFIAFA@Profiler?5Agent?5Warning?3?5Native?5@ 100062e8     class_file_cache.obj
 0002:00000334       ??_C@_0L@GOLGDPLJ@sleepEntry@ 10006334     class_file_cache.obj
 0002:00000340       ??_C@_0EM@IEIGLNGJ@Profiler?5Agent?5Warning?3?5Native?5@ 10006340     class_file_cache.obj
 0002:0000038c       ??_C@_09MDDGAIOJ@sleepExit@ 1000638c     class_file_cache.obj
 0002:00000398       ??_C@_0EL@MEHPONA@Profiler?5Agent?5Warning?3?5Native?5@ 10006398     class_file_cache.obj
 0002:000003e4       ??_C@_0DK@NBGNGHMP@?$CILjava?1lang?1Thread?$DLLjava?1lang?1O@ 100063e4     class_file_cache.obj
 0002:00000420       ??_C@_0N@CHPDJINF@monitorEntry@ 10006420     class_file_cache.obj
 0002:00000430       ??_C@_0EO@FGIOOJKD@Profiler?5Agent?5Warning?3?5Native?5@ 10006430     class_file_cache.obj
 0002:00000480       ??_C@_0CI@NOPLIJCD@?$CILjava?1lang?1Thread?$DLLjava?1lang?1O@ 10006480     class_file_cache.obj
 0002:000004a8       ??_C@_0M@OPNGCJAP@monitorExit@ 100064a8     class_file_cache.obj
 0002:000004b8       ??_C@_0EN@JJGMJPG@Profiler?5Agent?5Warning?3?5Native?5@ 100064b8     class_file_cache.obj
 0002:00000508       ??_C@_09PCKCBCLN@parkEntry@ 10006508     class_file_cache.obj
 0002:00000518       ??_C@_0EL@IOGJPPOO@Profiler?5Agent?5Warning?3?5Native?5@ 10006518     class_file_cache.obj
 0002:00000564       ??_C@_08NOBNKFCN@parkExit@ 10006564     class_file_cache.obj
 0002:00000570       ??_C@_0EK@ODKLFOFO@Profiler?5Agent?5Warning?3?5Native?5@ 10006570     class_file_cache.obj
 0002:000005bc       ??_C@_0DH@EKBHPPGA@org?1netbeans?1lib?1profiler?1serve@ 100065bc     class_file_cache.obj
 0002:000005f8       ??_C@_0HG@OIMPHOLC@Profiler?5Agent?5Warning?3?5Native?5@ 100065f8     class_file_cache.obj
 0002:00000670       ??_C@_0CH@KNMHJAAG@?$CILjava?1lang?1Object?$DLLjava?1lang?1C@ 10006670     class_file_cache.obj
 0002:00000698       ??_C@_0BD@PAKGPBCM@traceVMObjectAlloc@ 10006698     class_file_cache.obj
 0002:000006b0       ??_C@_0FE@GEOKNPLG@Profiler?5Agent?5Warning?3?5Native?5@ 100066b0     class_file_cache.obj
 0002:00000708       ??_C@_0EI@HAHMOJIC@Profiler?5Agent?5Warning?3?5Invalid@ 10006708     class_file_cache.obj
 0002:00000750       ??_C@_0CN@LLILACCD@Profiler?5Agent?5Warning?3?5mId?5?$DN?5?$CF@ 10006750     class_file_cache.obj
 0002:00000780       ??_C@_0CB@BMGFJDFJ@Profiler?5Agent?5Warning?3?5dCl?5?$DN?5?$CF@ 10006780     class_file_cache.obj
 0002:000007a4       ??_C@_0N@IJFPLPHF@?0?5?$CKdCl?5?$DN?5?$CFd?6@ 100067a4     class_file_cache.obj
 0002:000007b4       ??_C@_01EEMJAFIK@?6@       100067b4     class_file_cache.obj
 0002:000007b8       ??_C@_0EF@LCICMGOO@Profiler?5Agent?5Warning?3?5Couldn?8@ 100067b8     class_file_cache.obj
 0002:00000800       ??_C@_0EA@INNHHNB@Profiler?5Agent?5Warning?3?5Couldn?8@ 10006800     class_file_cache.obj
 0002:00000840       ??_C@_0BD@HMGGFBMH@Ljava?1lang?1Object?$DL@ 10006840     class_file_cache.obj
 0002:00000854       ??_C@_04PNOAOIAG@wait@     10006854     class_file_cache.obj
 0002:0000085c       ??_C@_04OHLIFDMD@?$CIJ?$CJV@ 1000685c     class_file_cache.obj
 0002:00000864       ??_C@_0BD@KAGNMIPJ@Ljava?1lang?1Thread?$DL@ 10006864     class_file_cache.obj
 0002:00000878       ??_C@_05PCJCMMHD@sleep@    10006878     class_file_cache.obj
 0002:00000880       ??_C@_0BC@OHAINMHG@Lsun?1misc?1Unsafe?$DL@ 10006880     class_file_cache.obj
 0002:00000894       ??_C@_04JCOJHGBJ@park@     10006894     class_file_cache.obj
 0002:0000089c       ??_C@_05PILFDBIJ@?$CIZJ?$CJV@ 1000689c     class_file_cache.obj
 0002:000008a4       ??_C@_0BD@KFOCGACH@?1jfluid?9server?4jar@ 100068a4     attach.obj
 0002:000008b8       ??_C@_0BG@NDNNMHLC@?1jfluid?9server?915?4jar@ 100068b8     attach.obj
 0002:000008d0       ??_C@_0DA@OHIMDAIB@org?1netbeans?1lib?1profiler?1serve@ 100068d0     attach.obj
 0002:00000900       ??_C@_0BE@LBKPKNCB@sun?4boot?4class?4path@ 10006900     attach.obj
 0002:00000918       ??_C@_0EP@NPIGPOOA@Profiler?5Agent?5Error?3?5Can?8t?5sta@ 10006918     attach.obj
 0002:00000968       ??_C@_0DG@OHHGMDPI@Profiler?5Agent?5Error?3?5Boot?5clas@ 10006968     attach.obj
 0002:000009a0       ??_C@_0EP@HLMAEDIE@Profiler?5Agent?5Error?3?5Please?5ch@ 100069a0     attach.obj
 0002:000009f0       ??_C@_0BJ@LBEAHGJE@?$CILjava?1lang?1String?$DLIII?$CJV@ 100069f0     attach.obj
 0002:00000a0c       ??_C@_08IFCMKJCD@activate@ 10006a0c     attach.obj
 0002:00000a18       ??_C@_0GP@IENLFIOK@Profiler?5Agent?5Error?3?5Can?8t?5sta@ 10006a18     attach.obj
 0002:00000a88       ??_C@_0BA@JJLOPNCP@java?1lang?1Class@ 10006a88     Classes.obj
 0002:00000a98       ??_C@_0DD@KDANPBBM@org?1netbeans?1lib?1profiler?1serve@ 10006a98     Classes.obj
 0002:00000acc       ??_C@_0BF@INHFEFJF@?$CILjava?1lang?1Class?$DL?$CJV@ 10006acc     Classes.obj
 0002:00000ae4       ??_C@_0O@MCHFOHNE@classLoadHook@ 10006ae4     Classes.obj
 0002:00000af8       ??_C@_0EE@ONKPLAEN@Profiler?5Agent?5Error?3?5Error?5whi@ 10006af8     Classes.obj
 0002:00000b40       ??_C@_0ED@OLPILPNO@Profiler?5Agent?3?5Redefining?5?$CFd?5c@ 10006b40     Classes.obj
 0002:00000b84       ??_C@_07KCBEICKO@jvm?4dll@ 10006b84     HeapDump.obj
 0002:00000b8c       ??_C@_0DH@DPPANNBH@Profiler?5Agent?5Error?3?5Unable?5to@ 10006b8c     HeapDump.obj
 0002:00000bc4       ??_C@_0N@HFAABJHC@JVM_DumpHeap@ 10006bc4     HeapDump.obj
 0002:00000bd8       ??_C@_0EG@CPNKKAKH@Profiler?5Agent?5Error?3?5Unable?5to@ 10006bd8     HeapDump.obj
 0002:00000c20       ??_C@_0BM@BCIKDFDN@Profiler?5Agent?3?5Heap?5dump?4?4@ 10006c20     HeapDump.obj
 0002:00000c3c       ??_C@_0BB@HLPIHIHL@?5end?0?5status?5?$CFd?6@ 10006c3c     HeapDump.obj
 0002:00000c50       ??_C@_0DO@FGCOPJOJ@Profiler?5Agent?5Error?3?5GetCurren@ 10006c50     Timers.obj
 0002:00000c90       __real@447a0000            10006c90     GC.obj
 0002:00000c94       ??_C@_0BB@NOKBFPFO@java?1lang?1Thread@ 10006c94     Threads.obj
 0002:00000ca8       ??_C@_0CD@GDJGGLIA@?$CKNOT?5PROVIDED?5IN?5THIS?5JVM?5VERSI@ 10006ca8     Threads.obj
 0002:00000ccc       ??_C@_0BA@KKBGIHDJ@?$DMunknown?5class?$DO@ 10006ccc     Stacks.obj
 0002:00000cdc       ??_C@_0BB@KBLHKEOJ@?$DMunknown?5method?$DO@ 10006cdc     Stacks.obj
 0002:00000cf0       ??_C@_01GBGANLPD@0@        10006cf0     Stacks.obj
 0002:00000cf8       ??_C@_0EH@KFMJDOHC@Profiler?5Agent?5Warning?3?5Couldn?8@ 10006cf8     Stacks.obj
 0002:00000d40       ??_C@_01HIHLOKLC@1@        10006d40     Stacks.obj
 0002:00000d44       ??_C@_02EBOMBDPA@?$FLI@    10006d44     Stacks.obj
 0002:00000d48       ??_C@_0FL@LEPBAMOB@Profiler?5Agent?3?5?9agentpath?3?$DMPAT@ 10006d48     common_functions.obj
 0002:00000da8       ??_C@_0GE@ELAFOCKD@Profiler?5Agent?3?5path?5to?5Profile@ 10006da8     common_functions.obj
 0002:00000e10       ??_C@_0GN@LEDONFPH@Profiler?5Agent?3?5java?5?9agentpath@ 10006e10     common_functions.obj
 0002:00000e80       ??_C@_0EL@JBGGODJJ@Profiler?5Agent?5Error?3?5Failed?5to@ 10006e80     common_functions.obj
 0002:00000ecc       ??_C@_0CM@FJDJCGMB@Profiler?5Agent?3?5JNI?5OnLoad?5Init@ 10006ecc     common_functions.obj
 0002:00000ef8       ??_C@_0DF@KOCCGEJB@Profiler?5Agent?3?5JNI?5OnLoad?5Init@ 10006ef8     common_functions.obj
 0002:00000f30       ??_C@_0CB@GOANEONN@Profiler?5Agent?3?5Initializing?4?4?4@ 10006f30     common_functions.obj
 0002:00000f54       ??_C@_0BP@EFMKJOGC@Profiler?5Agent?3?5Options?3?5?$DO?$CFs?$DM?6@ 10006f54     common_functions.obj
 0002:00000f74       ??_C@_0BM@EHPKLAG@Profiler?5Agent?3?5No?5options?6@ 10006f74     common_functions.obj
 0002:00000f90       ??_C@_01IHBHIGKO@?0@       10006f90     common_functions.obj
 0002:00000f94       ??_C@_0CK@KCILNIKO@Profiler?5Agent?3?5Initialized?5suc@ 10006f94     common_functions.obj
 0002:00000fd8       __pDefaultRawDllMain       10006fd8     MSVCRT:dll_dllmain.obj
 0002:00000fd8       __pRawDllMain              10006fd8     MSVCRT:dll_dllmain.obj
 0002:00001000       __load_config_used         10007000     MSVCRT:loadcfg.obj
 0002:000010c0       ___safe_se_handler_table   100070c0     <linker-defined>
 0002:000012ec       ___rtc_iaa                 100072ec     MSVCRT:initsect.obj
 0002:000012f0       ___rtc_izz                 100072f0     MSVCRT:initsect.obj
 0002:000012f4       ___rtc_taa                 100072f4     MSVCRT:initsect.obj
 0002:000012f8       ___rtc_tzz                 100072f8     MSVCRT:initsect.obj
 0002:00002258       __IMPORT_DESCRIPTOR_KERNEL32 10008258     kernel32:KERNEL32.dll
 0002:0000226c       __IMPORT_DESCRIPTOR_VCRUNTIME140 1000826c     vcruntime:VCRUNTIME140.dll
 0002:00002280       __IMPORT_DESCRIPTOR_api-ms-win-crt-stdio-l1-1-0 10008280     ucrt:api-ms-win-crt-stdio-l1-1-0.dll
 0002:00002294       __IMPORT_DESCRIPTOR_api-ms-win-crt-heap-l1-1-0 10008294     ucrt:api-ms-win-crt-heap-l1-1-0.dll
 0002:000022a8       __IMPORT_DESCRIPTOR_api-ms-win-crt-string-l1-1-0 100082a8     ucrt:api-ms-win-crt-string-l1-1-0.dll
 0002:000022bc       __IMPORT_DESCRIPTOR_api-ms-win-crt-convert-l1-1-0 100082bc     ucrt:api-ms-win-crt-convert-l1-1-0.dll
 0002:000022d0       __IMPORT_DESCRIPTOR_api-ms-win-crt-runtime-l1-1-0 100082d0     ucrt:api-ms-win-crt-runtime-l1-1-0.dll
 0002:000022e4       __NULL_IMPORT_DESCRIPTOR   100082e4     kernel32:KERNEL32.dll
 0003:00000030       __fltused                  10009030     MSVCRT:fltused.obj
 0003:00000034       ___security_cookie_complement 10009034     MSVCRT:gs_cookie.obj
 0003:00000038       ___security_cookie         10009038     MSVCRT:gs_cookie.obj
 0003:0000003c       ___isa_enabled             1000903c     MSVCRT:cpu_disp.obj
 0003:00000040       ___scrt_native_dllmain_reason 10009040     MSVCRT:utility.obj
 0003:00000050       ___scrt_ucrt_dll_is_in_use 10009050     MSVCRT:ucrt_stubs.obj
 0003:000001d8       ___isa_available           100091d8     MSVCRT:cpu_disp.obj
 0003:000001dc       ___favor                   100091dc     MSVCRT:cpu_disp.obj
 0003:00000500       ?__type_info_root_node@@3U__type_info_node@@A 10009500     MSVCRT:tncleanup.obj
 0003:00000508       ?_OptionsStorage@?1??__local_stdio_scanf_options@@9@4_KA 10009508     MSVCRT:default_local_stdio_options.obj
 0003:00000510       ___scrt_current_native_startup_state 10009510     MSVCRT:utility.obj
 0003:00000514       ___scrt_native_startup_lock 10009514     MSVCRT:utility.obj
 0003:00000534       ___scrt_debugger_hook_flag 10009534     MSVCRT:utility_desktop.obj
 0003:00000538       ___castguard_check_failure_os_handled_fptr 10009538     MSVCRT:guard_support.obj
 0003:0000053c       __jvmti_callbacks          1000953c     <common>
 0003:00000540       __jvmti                    10009540     <common>
 0003:00000544       _JVM_DumpHeap15            10009544     <common>
 0003:00000548       ?_OptionsStorage@?1??__local_stdio_printf_options@@9@9 10009548     <common>
 0003:00000550       ___dyn_tls_init_callback   10009550     <common>

 entry point at        0001:00003a22

 Static symbols

 0002:ffffa000       .idata$6                   10000000     ucrt:api-ms-win-crt-math-l1-1-0.dll
 0001:00000430       _hash                      10001430 f   class_file_cache.obj
 0001:00000520       _initializeMethods         10001520 f   class_file_cache.obj
 0001:00000db0       _save_class_file_bytes     10001db0 f   class_file_cache.obj
 0001:00003180       _copy_into_data_array      10004180 f   Stacks.obj
 0001:000033e0       _initializeJVMTI           100043e0 f   common_functions.obj
 0001:00003530       $$000000                   10004530     MSVCRT:lldiv.obj
 0001:00003551       L1                         10004551     MSVCRT:lldiv.obj
 0001:0000356d       L2                         1000456d     MSVCRT:lldiv.obj
 0001:00003589       L3                         10004589     MSVCRT:lldiv.obj
 0001:00003597       L5                         10004597     MSVCRT:lldiv.obj
 0001:000035c5       L6                         100045c5     MSVCRT:lldiv.obj
 0001:000035c6       L7                         100045c6     MSVCRT:lldiv.obj
 0001:000035ca       L4                         100045ca     MSVCRT:lldiv.obj
 0001:000035d4       L8                         100045d4     MSVCRT:lldiv.obj
 0001:000035e0       $$000000                   100045e0     MSVCRT:llmul.obj
 0001:000035f9       hard                       100045f9     MSVCRT:llmul.obj
 0001:00003620       $$000000                   10004620     MSVCRT:ftol3.obj
 0001:00003643       _ftol3_default             10004643     MSVCRT:ftol3.obj
 0001:00003657       _ftol3_notsafe             10004657     MSVCRT:ftol3.obj
 0001:00003677       _ftol3_mincheck            10004677     MSVCRT:ftol3.obj
 0001:0000367d       _ftol3_NaN                 1000467d     MSVCRT:ftol3.obj
 0001:00003685       _ftol3_retmin              10004685     MSVCRT:ftol3.obj
 0001:00003690       $$000000                   10004690     MSVCRT:ftol3.obj
 0001:000036aa       _ltod3_default             100046aa     MSVCRT:ftol3.obj
 0001:000036e2       ?dllmain_crt_dispatch@@YGHQAUHINSTANCE__@@KQAX@Z 100046e2 f   MSVCRT:dll_dllmain.obj
 0001:00003735       ?dllmain_crt_process_attach@@YAHQAUHINSTANCE__@@QAX@Z 10004735 f   MSVCRT:dll_dllmain.obj
 0001:0000383c       ?dllmain_crt_process_detach@@YAH_N@Z 1000483c f   MSVCRT:dll_dllmain.obj
 0001:000038ec       ?dllmain_dispatch@@YAHQAUHINSTANCE__@@KQAX@Z 100048ec f   MSVCRT:dll_dllmain.obj
 0001:000039f7       ?dllmain_raw@@YGHQAUHINSTANCE__@@KQAX@Z 100049f7 f   MSVCRT:dll_dllmain.obj
 0001:00003d38       ___get_entropy             10004d38 f   MSVCRT:gs_support.obj
 0001:00003e2d       ?find_pe_section@@YAPAU_IMAGE_SECTION_HEADER@@QAEI@Z 10004e2d f   MSVCRT:utility.obj
 0001:00004290       $$000000                   10005290     MSVCRT:sehprolg4.obj
 0002:00000fc0       _NaN                       10006fc0     MSVCRT:ftol3.obj
 0002:00000fc4       _onept5                    10006fc4     MSVCRT:ftol3.obj
 0002:00000fc8       _DP2to32                   10006fc8     MSVCRT:ftol3.obj
 0002:00000fc8       _Int32ToUInt32             10006fc8     MSVCRT:ftol3.obj
 0002:00000fdc       _GS_ExceptionPointers      10006fdc     MSVCRT:gs_report.obj
 0002:00001300       __sehtable$?dllmain_crt_process_attach@@YAHQAUHINSTANCE__@@QAX@Z 10007300     MSVCRT:dll_dllmain.obj
 0002:00001320       __sehtable$?dllmain_crt_process_detach@@YAH_N@Z 10007320     MSVCRT:dll_dllmain.obj
 0002:00001348       __sehtable$?dllmain_dispatch@@YAHQAUHINSTANCE__@@KQAX@Z 10007348     MSVCRT:dll_dllmain.obj
 0002:00001368       __sehtable$___scrt_is_nonwritable_in_current_image 10007368     MSVCRT:utility.obj
 0002:00001390       .edata                     10007390     profilerinterface.exp
 0002:000013b8       rgpv                       100073b8     profilerinterface.exp
 0002:00001468       rgszName                   10007468     profilerinterface.exp
 0002:00001518       rgwOrd                     10007518     profilerinterface.exp
 0002:00001570       szName                     10007570     profilerinterface.exp
 0002:00001586       $N00001                    10007586     profilerinterface.exp
 0002:00001597       $N00002                    10007597     profilerinterface.exp
 0002:000015a5       $N00003                    100075a5     profilerinterface.exp
 0002:000015f1       $N00004                    100075f1     profilerinterface.exp
 0002:0000163e       $N00005                    1000763e     profilerinterface.exp
 0002:00001689       $N00006                    10007689     profilerinterface.exp
 0002:000016d5       $N00007                    100076d5     profilerinterface.exp
 0002:00001721       $N00008                    10007721     profilerinterface.exp
 0002:00001772       $N00009                    10007772     profilerinterface.exp
 0002:000017b9       $N00010                    100077b9     profilerinterface.exp
 0002:00001811       $N00011                    10007811     profilerinterface.exp
 0002:0000186d       $N00012                    1000786d     profilerinterface.exp
 0002:000018bd       $N00013                    100078bd     profilerinterface.exp
 0002:0000190e       $N00014                    1000790e     profilerinterface.exp
 0002:0000195f       $N00015                    1000795f     profilerinterface.exp
 0002:000019af       $N00016                    100079af     profilerinterface.exp
 0002:000019fa       $N00017                    100079fa     profilerinterface.exp
 0002:00001a3f       $N00018                    10007a3f     profilerinterface.exp
 0002:00001a8c       $N00019                    10007a8c     profilerinterface.exp
 0002:00001ad6       $N00020                    10007ad6     profilerinterface.exp
 0002:00001b1a       $N00021                    10007b1a     profilerinterface.exp
 0002:00001b61       $N00022                    10007b61     profilerinterface.exp
 0002:00001b9a       $N00023                    10007b9a     profilerinterface.exp
 0002:00001be0       $N00024                    10007be0     profilerinterface.exp
 0002:00001c2f       $N00025                    10007c2f     profilerinterface.exp
 0002:00001c82       $N00026                    10007c82     profilerinterface.exp
 0002:00001cd7       $N00027                    10007cd7     profilerinterface.exp
 0002:00001d21       $N00028                    10007d21     profilerinterface.exp
 0002:00001d72       $N00029                    10007d72     profilerinterface.exp
 0002:00001dc2       $N00030                    10007dc2     profilerinterface.exp
 0002:00001e16       $N00031                    10007e16     profilerinterface.exp
 0002:00001e5d       $N00032                    10007e5d     profilerinterface.exp
 0002:00001ea5       $N00033                    10007ea5     profilerinterface.exp
 0002:00001eec       $N00034                    10007eec     profilerinterface.exp
 0002:00001f36       $N00035                    10007f36     profilerinterface.exp
 0002:00001f86       $N00036                    10007f86     profilerinterface.exp
 0002:00001fe1       $N00037                    10007fe1     profilerinterface.exp
 0002:00002033       $N00038                    10008033     profilerinterface.exp
 0002:00002083       $N00039                    10008083     profilerinterface.exp
 0002:000020d4       $N00040                    100080d4     profilerinterface.exp
 0002:00002122       $N00041                    10008122     profilerinterface.exp
 0002:00002175       $N00042                    10008175     profilerinterface.exp
 0002:000021c8       $N00043                    100081c8     profilerinterface.exp
 0002:00002217       $N00044                    10008217     profilerinterface.exp
 0002:000024ee       .idata$6                   100084ee     kernel32:KERNEL32.dll
 0002:00002554       .idata$6                   10008554     vcruntime:VCRUNTIME140.dll
 0002:0000267a       .idata$6                   1000867a     ucrt:api-ms-win-crt-stdio-l1-1-0.dll
 0002:0000269a       .idata$6                   1000869a     ucrt:api-ms-win-crt-heap-l1-1-0.dll
 0002:000026ba       .idata$6                   100086ba     ucrt:api-ms-win-crt-string-l1-1-0.dll
 0002:000026dc       .idata$6                   100086dc     ucrt:api-ms-win-crt-convert-l1-1-0.dll
 0002:000026fe       .idata$6                   100086fe     ucrt:api-ms-win-crt-runtime-l1-1-0.dll
 0003:00000000       __ctable_threshold         10009000     class_file_cache.obj
 0003:00000004       _BOGUS_CLASSFILE           10009004     class_file_cache.obj
 0003:0000000c       _JF_THREAD_STATE_MASK      1000900c     Threads.obj
 0003:00000010       _JF_THREAD_STATE_TERMINATED 10009010     Threads.obj
 0003:00000014       _JF_THREAD_STATE_RUNNABLE  10009014     Threads.obj
 0003:00000018       _JF_THREAD_STATE_BLOCKED   10009018     Threads.obj
 0003:0000001c       _JF_THREAD_STATE_WAITING   1000901c     Threads.obj
 0003:00000020       _JF_THREAD_STATE_TIMED_WAITING 10009020     Threads.obj
 0003:00000024       _JF_THREAD_STATE_SLEEPING  10009024     Threads.obj
 0003:00000028       _JF_THREAD_STATE_TIMED_PARKED 10009028     Threads.obj
 0003:0000002c       _JF_THREAD_STATE_PARKED    1000902c     Threads.obj
 0003:00000058       __ctable_classnames        10009058     class_file_cache.obj
 0003:0000005c       __ctable_loaders           1000905c     class_file_cache.obj
 0003:00000060       __ctable_classdata         10009060     class_file_cache.obj
 0003:00000064       __ctable_classdata_lens    10009064     class_file_cache.obj
 0003:00000068       __ctable_size              10009068     class_file_cache.obj
 0003:0000006c       __ctable_elements          1000906c     class_file_cache.obj
 0003:00000070       __total_cached_class_count 10009070     class_file_cache.obj
 0003:00000074       __ctable_lock              10009074     class_file_cache.obj
 0003:00000078       _waitTrackingEnabled       10009078     class_file_cache.obj
 0003:00000079       _sleepTrackingEnabled      10009079     class_file_cache.obj
 0003:0000007a       _parkTrackingEnabled       1000907a     class_file_cache.obj
 0003:0000007b       _lockContentionMonitoringEnabled 1000907b     class_file_cache.obj
 0003:0000007c       _trackingMethodsInitialized 1000907c     class_file_cache.obj
 0003:0000007d       _retransformIsRunning      1000907d     class_file_cache.obj
 0003:00000080       _waitAddress               10009080     class_file_cache.obj
 0003:00000084       _sleepAddress              10009084     class_file_cache.obj
 0003:00000088       _parkAddress               10009088     class_file_cache.obj
 0003:0000008c       _profilerRuntimeID         1000908c     class_file_cache.obj
 0003:00000090       _waitEntryID               10009090     class_file_cache.obj
 0003:00000094       _waitExitID                10009094     class_file_cache.obj
 0003:00000098       _monitorEntryID            10009098     class_file_cache.obj
 0003:0000009c       _monitorExitID             1000909c     class_file_cache.obj
 0003:000000a0       _sleepEntryID              100090a0     class_file_cache.obj
 0003:000000a4       _sleepExitID               100090a4     class_file_cache.obj
 0003:000000a8       _parkEntryID               100090a8     class_file_cache.obj
 0003:000000ac       _parkExitID                100090ac     class_file_cache.obj
 0003:000000b0       _traceVMObjectAllocID      100090b0     class_file_cache.obj
 0003:000000b4       __jfluid_dir               100090b4     attach.obj
 0003:000000b8       __port_no                  100090b8     attach.obj
 0003:000000bc       __time_out                 100090bc     attach.obj
 0003:000000c0       _profilerInterfaceClazz    100090c0     Classes.obj
 0003:000000c4       _classLoadHookMethod       100090c4     Classes.obj
 0003:000000c8       ?nativeMethodBindDisabled@?1??Java_org_netbeans_lib_profiler_server_system_Classes_doRedefineClasses@@9@9 100090c8     Classes.obj
 0003:000000d0       _gc_epoch_counter          100090d0     GC.obj
 0003:000000d4       _start_index               100090d4     GC.obj
 0003:000000d8       _end_index                 100090d8     GC.obj
 0003:000000dc       _run_times                 100090dc     GC.obj
 0003:000000e0       _gc_start_timestamp        100090e0     GC.obj
 0003:000000e8       _gc_finish_timestamp       100090e8     GC.obj
 0003:000000f0       _gc_times                  100090f0     GC.obj
 0003:000000f4       _start_times               100090f4     GC.obj
 0003:000000f8       _finish_times              100090f8     GC.obj
 0003:000000fc       _JF_THREAD_STATE_NEW       100090fc     Threads.obj
 0003:00000100       _nProfThreads              10009100     Threads.obj
 0003:00000104       _profThreads               10009104     Threads.obj
 0003:00000108       _mainThread                10009108     Threads.obj
 0003:0000010c       _singleProfThread          1000910c     Threads.obj
 0003:00000110       _additionalProfThread      10009110     Threads.obj
 0003:00000114       _threadType                10009114     Threads.obj
 0003:00000118       __stack_frames_buffer      10009118     Stacks.obj
 0003:0000011c       __stack_id_buffer          1000911c     Stacks.obj
 0003:00000120       _threadType                10009120     Stacks.obj
 0003:00000124       _intArrType                10009124     Stacks.obj
 0003:00000128       _byteData                  10009128     Stacks.obj
 0003:0000012c       _strOffsets                1000912c     Stacks.obj
 0003:00000130       _byteDataLen               10009130     Stacks.obj
 0003:00000134       _dataOfs                   10009134     Stacks.obj
 0003:00000138       _ofsIdx                    10009138     Stacks.obj
 0003:00000140       __nano_time                10009140     common_functions.obj
 0003:00000148       __jvmti_callbacks_static   10009148     common_functions.obj
 0003:000001d4       ?__proc_attached@@3HA      100091d4     MSVCRT:dll_dllmain.obj
 0003:000001e0       _GS_ExceptionRecord        100091e0     MSVCRT:gs_report.obj
 0003:00000230       _GS_ContextRecord          10009230     MSVCRT:gs_report.obj
 0003:00000518       ?is_initialized_as_dll@@3_NA 10009518     MSVCRT:utility.obj
 0003:00000519       ?module_local_atexit_table_initialized@@3_NA 10009519     MSVCRT:utility.obj
 0003:0000051c       ?module_local_atexit_table@@3U_onexit_table_t@@A 1000951c     MSVCRT:utility.obj
 0003:00000528       ?module_local_at_quick_exit_table@@3U_onexit_table_t@@A 10009528     MSVCRT:utility.obj
 0004:00000060       $R000000                   1000a060     version.res
